2026-06-07T22:11:16.1074373-05:00  ERROR  forge.ai.ability.ActivateAbilityAi.md  
2026-06-07T22:11:20.2618686-05:00  ERROR  forge.ai.ability.AddPhaseAi.md  
2026-06-07T22:22:27.8758955-05:00  OK     forge.ai.ability.ActivateAbilityAi.md
2026-06-07T22:23:32.1852405-05:00  OK     forge.ai.ability.ActivateAbilityAi.md
2026-06-07T22:25:41.5993103-05:00  OK     forge.ai.ability.AddPhaseAi.md
2026-06-07T22:25:56.0505538-05:00  OK     forge.ai.ability.AddTurnAi.md
2026-06-07T22:26:08.8447808-05:00  OK     forge.ai.ability.AdvanceCrankAi.md
2026-06-07T22:26:21.6840787-05:00  OK     forge.ai.ability.AirbendAi.md
2026-06-07T22:26:34.2087491-05:00  OK     forge.ai.ability.AlterAttributeAi.md
2026-06-07T22:26:46.2464700-05:00  OK     forge.ai.ability.AlwaysPlayAi.md
2026-06-07T22:26:59.7196034-05:00  OK     forge.ai.ability.AmassAi.md
2026-06-07T22:27:14.7734325-05:00  OK     forge.ai.ability.AnimateAi.md
2026-06-07T22:27:28.2436246-05:00  OK     forge.ai.ability.AnimateAllAi.md
2026-06-07T22:27:42.4408008-05:00  OK     forge.ai.ability.AssembleContraptionAi.md
2026-06-07T22:27:55.3900305-05:00  OK     forge.ai.ability.AssignGroupAi.md
2026-06-07T22:28:11.0327944-05:00  OK     forge.ai.ability.AttachAi.md
2026-06-07T22:28:28.0831169-05:00  OK     forge.ai.ability.BalanceAi.md
2026-06-07T22:28:40.5057345-05:00  OK     forge.ai.ability.BecomesBlockedAi.md
2026-06-07T22:28:53.8318030-05:00  OK     forge.ai.ability.BidLifeAi.md
2026-06-07T22:29:09.5199423-05:00  OK     forge.ai.ability.BlightAi.md
2026-06-07T22:29:21.2045833-05:00  OK     forge.ai.ability.BondAi.md
2026-06-07T22:29:37.6396180-05:00  OK     forge.ai.ability.BranchAi.md
2026-06-07T22:29:51.0007471-05:00  OK     forge.ai.ability.CannotPlayAi.md
2026-06-07T22:30:05.2300889-05:00  OK     forge.ai.ability.ChangeCombatantsAi.md
2026-06-07T22:30:17.9973265-05:00  OK     forge.ai.ability.ChangeTargetsAi.md
2026-06-07T22:30:31.8115354-05:00  OK     forge.ai.ability.ChangeZoneAi.md
2026-06-07T22:30:48.1938663-05:00  OK     forge.ai.ability.ChangeZoneAllAi.md
2026-06-07T22:31:20.3718950-05:00  OK     forge.ai.ability.AdvanceCrankAi.md
2026-06-07T22:31:35.9317873-05:00  OK     forge.ai.ability.AirbendAi.md
2026-06-07T22:31:50.9545330-05:00  OK     forge.ai.ability.AlterAttributeAi.md
2026-06-07T22:32:04.7921524-05:00  OK     forge.ai.ability.AlwaysPlayAi.md
2026-06-07T22:32:18.2506908-05:00  OK     forge.ai.ability.AmassAi.md
2026-06-07T22:32:30.8422181-05:00  OK     forge.ai.ability.AnimateAi.md
2026-06-07T22:32:45.5529346-05:00  OK     forge.ai.ability.AnimateAllAi.md
2026-06-07T22:33:03.2589368-05:00  OK     forge.ai.ability.AssembleContraptionAi.md
2026-06-07T22:33:17.4918344-05:00  OK     forge.ai.ability.AssignGroupAi.md
2026-06-07T22:33:32.7228530-05:00  OK     forge.ai.ability.AttachAi.md
2026-06-07T22:33:46.5433875-05:00  OK     forge.ai.ability.BalanceAi.md
2026-06-07T22:34:00.8069586-05:00  OK     forge.ai.ability.BidLifeAi.md
2026-06-07T22:34:14.9836677-05:00  OK     forge.ai.ability.BlightAi.md
2026-06-07T22:34:29.0749827-05:00  OK     forge.ai.ability.BranchAi.md
2026-06-07T22:34:42.5457893-05:00  OK     forge.ai.ability.CannotPlayAi.md
2026-06-07T22:34:56.0472983-05:00  OK     forge.ai.ability.ChangeCombatantsAi.md
2026-06-07T22:35:10.6876653-05:00  OK     forge.ai.ability.ChangeTargetsAi.md
2026-06-07T22:35:26.1302471-05:00  OK     forge.ai.ability.ChangeZoneAi.md
2026-06-07T22:35:43.1870108-05:00  OK     forge.ai.ability.ChangeZoneAllAi.md
2026-06-07T22:35:58.3133738-05:00  OK     forge.ai.ability.CharmAi.md
2026-06-07T22:36:13.3918373-05:00  OK     forge.ai.ability.ChooseCardAi.md
2026-06-07T22:36:27.0436975-05:00  OK     forge.ai.ability.ChooseCardNameAi.md
2026-06-07T22:36:41.1434778-05:00  OK     forge.ai.ability.ChooseColorAi.md
2026-06-07T22:36:53.3522785-05:00  OK     forge.ai.ability.ChooseCompanionAi.md
2026-06-07T22:37:05.9971649-05:00  OK     forge.ai.ability.ChooseDirectionAi.md
2026-06-07T22:37:18.4903796-05:00  OK     forge.ai.ability.ChooseEvenOddAi.md
2026-06-07T22:37:39.8675011-05:00  OK     forge.ai.ability.ChooseGenericAi.md
2026-06-07T22:37:58.2756148-05:00  OK     forge.ai.ability.ChooseNumberAi.md
2026-06-07T22:38:12.5631711-05:00  OK     forge.ai.ability.ChoosePlayerAi.md
2026-06-07T22:38:27.4448681-05:00  OK     forge.ai.ability.ChooseSourceAi.md
2026-06-07T22:38:40.9590901-05:00  OK     forge.ai.ability.ChooseTypeAi.md
2026-06-07T22:38:54.8225115-05:00  OK     forge.ai.ability.ClashAi.md
2026-06-07T22:39:07.9694245-05:00  OK     forge.ai.ability.ClassLevelUpAi.md
2026-06-07T22:39:20.9310294-05:00  OK     forge.ai.ability.CloakAi.md
2026-06-07T22:39:40.9775030-05:00  OK     forge.ai.ability.CloneAi.md
2026-06-07T22:39:56.0078867-05:00  OK     forge.ai.ability.ConniveAi.md
2026-06-07T22:40:11.4529945-05:00  OK     forge.ai.ability.ControlExchangeAi.md
2026-06-07T22:40:26.4008399-05:00  OK     forge.ai.ability.ControlGainAi.md
2026-06-07T22:40:39.2394299-05:00  OK     forge.ai.ability.ControlGainVariantAi.md
2026-06-07T22:40:53.2213461-05:00  OK     forge.ai.ability.CopyPermanentAi.md
2026-06-07T22:41:14.4925538-05:00  OK     forge.ai.ability.CopySpellAbilityAi.md
2026-06-07T22:41:28.7896225-05:00  OK     forge.ai.ability.CounterAi.md
2026-06-07T22:41:42.4605643-05:00  OK     forge.ai.ability.CountersAi.md
2026-06-07T22:41:57.0960638-05:00  OK     forge.ai.ability.CountersMoveAi.md
2026-06-07T22:42:11.2892336-05:00  OK     forge.ai.ability.CountersMultiplyAi.md
2026-06-07T22:42:25.0258179-05:00  OK     forge.ai.ability.CountersProliferateAi.md
2026-06-07T22:42:39.9125079-05:00  OK     forge.ai.ability.CountersPutAi.md
2026-06-07T22:42:54.0707334-05:00  OK     forge.ai.ability.CountersPutAllAi.md
2026-06-07T22:44:41.9569319-05:00  OK     forge.ai.ability.ChooseTypeAi.md
2026-06-07T22:44:52.9040077-05:00  OK     forge.ai.ability.ClashAi.md
2026-06-07T22:45:04.8653166-05:00  OK     forge.ai.ability.ClassLevelUpAi.md
2026-06-07T22:45:17.4544604-05:00  OK     forge.ai.ability.CloakAi.md
2026-06-07T22:45:32.8142088-05:00  OK     forge.ai.ability.CloneAi.md
2026-06-07T22:45:47.6971777-05:00  OK     forge.ai.ability.ConniveAi.md
2026-06-07T22:46:03.1013804-05:00  OK     forge.ai.ability.ControlGainAi.md
2026-06-07T22:46:17.7148299-05:00  OK     forge.ai.ability.ControlGainVariantAi.md
2026-06-07T22:46:33.3730450-05:00  OK     forge.ai.ability.CounterAi.md
2026-06-07T22:46:46.0822235-05:00  OK     forge.ai.ability.CountersAi.md
2026-06-07T22:46:59.6975315-05:00  OK     forge.ai.ability.CountersMoveAi.md
2026-06-07T22:47:13.6058202-05:00  OK     forge.ai.ability.CountersMultiplyAi.md
2026-06-07T22:47:27.7615423-05:00  OK     forge.ai.ability.CountersProliferateAi.md
2026-06-07T22:47:43.3583836-05:00  OK     forge.ai.ability.CountersPutAi.md
2026-06-07T22:47:56.3788188-05:00  OK     forge.ai.ability.CountersPutAllAi.md
2026-06-07T22:48:11.4600712-05:00  OK     forge.ai.ability.CountersPutOrRemoveAi.md
2026-06-07T22:48:27.1656052-05:00  OK     forge.ai.ability.CountersRemoveAi.md
2026-06-07T22:48:40.2535472-05:00  OK     forge.ai.ability.DamageAiBase.md
2026-06-07T22:48:54.7542258-05:00  OK     forge.ai.ability.DamageAllAi.md
2026-06-07T22:49:08.4254545-05:00  OK     forge.ai.ability.DamageDealAi.md
2026-06-07T22:49:21.9226656-05:00  OK     forge.ai.ability.DamageEachAi.md
2026-06-07T22:49:35.2396159-05:00  OK     forge.ai.ability.DamagePreventAi.md
2026-06-07T22:49:48.0638297-05:00  OK     forge.ai.ability.DayTimeAi.md
2026-06-07T22:50:02.4788712-05:00  OK     forge.ai.ability.DebuffAi.md
2026-06-07T22:50:17.6360017-05:00  OK     forge.ai.ability.DelayedTriggerAi.md
2026-06-07T22:50:32.8472831-05:00  OK     forge.ai.ability.DestroyAi.md
2026-06-07T22:50:47.7208478-05:00  OK     forge.ai.ability.DestroyAllAi.md
2026-06-07T22:51:01.1759463-05:00  OK     forge.ai.ability.DetainAi.md
2026-06-07T22:51:15.6360201-05:00  OK     forge.ai.ability.DigAi.md
2026-06-07T22:51:28.0741783-05:00  OK     forge.ai.ability.DigMultipleAi.md
2026-06-07T22:51:42.0898669-05:00  OK     forge.ai.ability.DigUntilAi.md
2026-06-07T22:51:54.9629104-05:00  OK     forge.ai.ability.DiscardAi.md
2026-06-07T22:52:08.6531109-05:00  OK     forge.ai.ability.DiscoverAi.md
2026-06-07T22:52:20.6860545-05:00  OK     forge.ai.ability.DrainManaAi.md
2026-06-07T22:52:35.0872751-05:00  OK     forge.ai.ability.DrawAi.md
2026-06-07T22:52:47.6188578-05:00  OK     forge.ai.ability.EarthbendAi.md
2026-06-07T22:53:03.4748197-05:00  OK     forge.ai.ability.EffectAi.md
2026-06-07T22:53:16.5916755-05:00  OK     forge.ai.ability.EncodeAi.md
2026-06-07T22:53:29.0481524-05:00  OK     forge.ai.ability.EndTurnAi.md
2026-06-07T22:53:46.6780636-05:00  OK     forge.ai.ability.EndureAi.md
2026-06-07T22:54:02.0390100-05:00  OK     forge.ai.ability.ExploreAi.md
2026-06-07T22:54:17.6291300-05:00  OK     forge.ai.ability.FightAi.md
2026-06-07T22:54:32.1986996-05:00  OK     forge.ai.ability.FlipCoinAi.md
2026-06-07T22:54:45.5911208-05:00  OK     forge.ai.ability.FlipOntoBattlefieldAi.md
2026-06-07T22:54:59.3274479-05:00  OK     forge.ai.ability.FogAi.md
2026-06-07T22:55:12.0457730-05:00  OK     forge.ai.ability.GameLossAi.md
2026-06-07T22:55:23.8807607-05:00  OK     forge.ai.ability.GameWinAi.md
2026-06-07T22:55:36.3792704-05:00  OK     forge.ai.ability.GoadAi.md
2026-06-07T22:55:49.6867349-05:00  OK     forge.ai.ability.HauntAi.md
2026-06-07T22:56:03.6476908-05:00  OK     forge.ai.ability.ImmediateTriggerAi.md
2026-06-07T22:56:16.4079482-05:00  OK     forge.ai.ability.InvestigateAi.md
2026-06-07T22:56:29.1591578-05:00  OK     forge.ai.ability.LearnAi.md
2026-06-07T22:56:42.4550321-05:00  OK     forge.ai.ability.LegendaryRuleAi.md
2026-06-07T22:56:55.3907692-05:00  OK     forge.ai.ability.LifeExchangeAi.md
2026-06-07T22:57:09.1969659-05:00  OK     forge.ai.ability.LifeExchangeVariantAi.md
2026-06-07T22:57:22.9059178-05:00  OK     forge.ai.ability.LifeGainAi.md
2026-06-07T22:57:36.9058632-05:00  OK     forge.ai.ability.LifeLoseAi.md
2026-06-07T22:57:51.3586422-05:00  OK     forge.ai.ability.LifeSetAi.md
2026-06-07T22:58:05.2749546-05:00  OK     forge.ai.ability.ManaAi.md
2026-06-07T22:58:18.7858164-05:00  OK     forge.ai.ability.ManifestAi.md
2026-06-07T22:58:32.5393600-05:00  OK     forge.ai.ability.ManifestBaseAi.md
2026-06-07T22:58:45.2008197-05:00  OK     forge.ai.ability.MeldAi.md
2026-06-07T22:58:58.7389618-05:00  OK     forge.ai.ability.MillAi.md
2026-06-07T22:59:11.9639275-05:00  OK     forge.ai.ability.MustBlockAi.md
2026-06-07T22:59:33.0169375-05:00  OK     forge.ai.ability.MutateAi.md
2026-06-07T22:59:46.0987098-05:00  OK     forge.ai.ability.PeekAndRevealAi.md
2026-06-07T22:59:58.4441138-05:00  OK     forge.ai.ability.PermanentAi.md
2026-06-07T23:00:13.1802360-05:00  OK     forge.ai.ability.PermanentCreatureAi.md
2026-06-07T23:00:38.7203691-05:00  OK     forge.ai.ability.PermanentNoncreatureAi.md
2026-06-07T23:00:54.4823515-05:00  OK     forge.ai.ability.PhasesAi.md
2026-06-07T23:01:08.1687281-05:00  OK     forge.ai.ability.PlayAi.md
2026-06-07T23:01:21.4002674-05:00  OK     forge.ai.ability.PoisonAi.md
2026-06-07T23:01:33.4306352-05:00  OK     forge.ai.ability.PowerExchangeAi.md
2026-06-07T23:01:47.6407027-05:00  OK     forge.ai.ability.ProtectAi.md
2026-06-07T23:01:59.7817189-05:00  OK     forge.ai.ability.ProtectAllAi.md
2026-06-07T23:02:13.4360939-05:00  OK     forge.ai.ability.PumpAi.md
2026-06-07T23:02:26.4253092-05:00  OK     forge.ai.ability.PumpAiBase.md
2026-06-07T23:02:40.2004361-05:00  OK     forge.ai.ability.PumpAllAi.md
2026-06-07T23:02:53.9916007-05:00  OK     forge.ai.ability.RearrangeTopOfLibraryAi.md
2026-06-07T23:03:07.4464013-05:00  OK     forge.ai.ability.RegenerateAi.md
2026-06-07T23:03:22.8994248-05:00  OK     forge.ai.ability.RemoveFromCombatAi.md
2026-06-07T23:03:36.7160067-05:00  OK     forge.ai.ability.RepeatAi.md
2026-06-07T23:03:48.5760729-05:00  OK     forge.ai.ability.RepeatEachAi.md
2026-06-07T23:04:01.3256398-05:00  OK     forge.ai.ability.ReplaceDamageAi.md
2026-06-07T23:04:13.4181816-05:00  OK     forge.ai.ability.RestartGameAi.md
2026-06-07T23:04:27.0522755-05:00  OK     forge.ai.ability.RevealAi.md
2026-06-07T23:04:40.0454526-05:00  OK     forge.ai.ability.RevealAiBase.md
2026-06-07T23:04:52.2300628-05:00  OK     forge.ai.ability.RevealHandAi.md
2026-06-07T23:05:04.5166318-05:00  OK     forge.ai.ability.RollDiceAi.md
2026-06-07T23:05:20.0735542-05:00  OK     forge.ai.ability.RollPlanarDiceAi.md
2026-06-07T23:05:35.8563000-05:00  OK     forge.ai.ability.SacrificeAi.md
2026-06-07T23:05:48.4807133-05:00  OK     forge.ai.ability.SacrificeAllAi.md
2026-06-07T23:06:00.0984351-05:00  OK     forge.ai.ability.ScryAi.md
2026-06-07T23:06:13.2356883-05:00  OK     forge.ai.ability.SetStateAi.md
2026-06-07T23:06:25.7241809-05:00  OK     forge.ai.ability.ShuffleAi.md
2026-06-07T23:06:39.0083335-05:00  OK     forge.ai.ability.SkipPhaseAi.md
2026-06-07T23:06:50.5200149-05:00  OK     forge.ai.ability.SkipTurnAi.md
2026-06-07T23:07:05.3992611-05:00  OK     forge.ai.ability.StoreSVarAi.md
2026-06-07T23:07:18.2132274-05:00  OK     forge.ai.ability.SurveilAi.md
2026-06-07T23:07:32.6453693-05:00  OK     forge.ai.ability.TapAi.md
2026-06-07T23:07:51.9964960-05:00  OK     forge.ai.ability.TapAiBase.md
2026-06-07T23:08:04.9212774-05:00  OK     forge.ai.ability.TapAllAi.md
2026-06-07T23:08:17.3736986-05:00  OK     forge.ai.ability.TapOrUntapAi.md
2026-06-07T23:08:30.5164263-05:00  OK     forge.ai.ability.TapOrUntapAllAi.md
2026-06-07T23:08:43.2021863-05:00  OK     forge.ai.ability.TimeTravelAi.md
2026-06-07T23:08:57.2688665-05:00  OK     forge.ai.ability.TokenAi.md
2026-06-07T23:09:11.5940362-05:00  OK     forge.ai.ability.TwoPilesAi.md
2026-06-07T23:09:25.0609348-05:00  OK     forge.ai.ability.UnattachAi.md
2026-06-07T23:09:37.3721479-05:00  OK     forge.ai.ability.UntapAi.md
2026-06-07T23:09:49.9730267-05:00  OK     forge.ai.ability.UntapAllAi.md
2026-06-07T23:10:03.0364402-05:00  OK     forge.ai.ability.VentureAi.md
2026-06-07T23:10:17.1089713-05:00  OK     forge.ai.ability.VoteAi.md
2026-06-07T23:10:30.2999808-05:00  OK     forge.ai.ability.ZoneExchangeAi.md
2026-06-07T23:10:40.7633721-05:00  OK     forge.ai.AiAbilityDecision.md
2026-06-07T23:10:55.6835615-05:00  OK     forge.ai.AiAttackController.md
2026-06-07T23:11:09.5192356-05:00  OK     forge.ai.AiAttackController.SpellAbilityFactors.md
2026-06-07T23:11:21.9425887-05:00  OK     forge.ai.AiBlockController.md
2026-06-07T23:11:32.5447838-05:00  OK     forge.ai.AiCache.md
2026-06-07T23:11:44.8622699-05:00  OK     forge.ai.AiCardMemory.md
2026-06-07T23:11:56.4240775-05:00  OK     forge.ai.AiCardMemory.MemorySet.md
2026-06-07T23:12:11.3689705-05:00  OK     forge.ai.AiController.md
2026-06-07T23:12:24.8613766-05:00  OK     forge.ai.AiCostDecision.md
2026-06-07T23:12:38.3997453-05:00  OK     forge.ai.AiDeckStatistics.md
2026-06-07T23:12:50.7979613-05:00  OK     forge.ai.AIOption.md
2026-06-07T23:13:02.5079525-05:00  OK     forge.ai.AiPlayDecision.md
2026-06-07T23:13:14.7032252-05:00  OK     forge.ai.AiPlayerPredicates.md
2026-06-07T23:13:26.0777516-05:00  OK     forge.ai.AiProfileUtil.AISideboardingMode.md
2026-06-07T23:13:38.9809279-05:00  OK     forge.ai.AiProfileUtil.md
2026-06-07T23:13:52.9386266-05:00  OK     forge.ai.AiProps.md
2026-06-07T23:14:14.4516036-05:00  OK     forge.ai.AvailableActions.md
2026-06-07T23:14:29.9933845-05:00  OK     forge.ai.ComputerUtil.md
2026-06-07T23:14:45.1195973-05:00  OK     forge.ai.ComputerUtilAbility.md
2026-06-07T23:14:57.7674698-05:00  OK     forge.ai.ComputerUtilAbility.saComparator.md
2026-06-07T23:15:11.0528726-05:00  OK     forge.ai.ComputerUtilCard.LandEvaluator.md
2026-06-07T23:15:24.2785739-05:00  OK     forge.ai.ComputerUtilCard.md
2026-06-07T23:15:36.9051575-05:00  OK     forge.ai.ComputerUtilCombat.md
2026-06-07T23:15:50.1264835-05:00  OK     forge.ai.ComputerUtilCost.md
2026-06-07T23:16:04.2413117-05:00  OK     forge.ai.ComputerUtilMana.md
2026-06-07T23:16:17.1915949-05:00  OK     forge.ai.CreatureEvaluator.md
2026-06-07T23:16:31.0500948-05:00  OK     forge.ai.GameState.md
2026-06-07T23:16:44.0628634-05:00  OK     forge.ai.GameState.PlayerState.md
2026-06-07T23:16:57.9245959-05:00  OK     forge.ai.LobbyPlayerAi.md
2026-06-07T23:17:10.5404228-05:00  OK     forge.ai.PlayerControllerAi.md
2026-06-07T23:17:22.2292685-05:00  OK     forge.ai.simulation.GameCopier.CopiedGameObjectMap.md
2026-06-07T23:17:35.9280993-05:00  OK     forge.ai.simulation.GameCopier.md
2026-06-07T23:17:48.4318639-05:00  OK     forge.ai.simulation.GameSimulator.md
2026-06-07T23:18:02.0456603-05:00  OK     forge.ai.simulation.GameStateEvaluator.CombatSimResult.md
2026-06-07T23:18:15.0551104-05:00  OK     forge.ai.simulation.GameStateEvaluator.md
2026-06-07T23:18:26.9978058-05:00  OK     forge.ai.simulation.GameStateEvaluator.Score.md
2026-06-07T23:18:39.9200352-05:00  OK     forge.ai.simulation.GameStateEvaluator.SimulationCreatureEvaluator.md
2026-06-07T23:18:54.1751553-05:00  OK     forge.ai.simulation.MultiTargetSelector.md
2026-06-07T23:19:05.5012131-05:00  OK     forge.ai.simulation.MultiTargetSelector.Targets.md
2026-06-07T23:19:18.5098724-05:00  OK     forge.ai.simulation.Plan.Decision.md
2026-06-07T23:19:31.2014247-05:00  OK     forge.ai.simulation.Plan.md
2026-06-07T23:19:43.9594342-05:00  OK     forge.ai.simulation.Plan.SpellAbilityRef.md
2026-06-07T23:19:56.6319424-05:00  OK     forge.ai.simulation.PossibleTargetSelector.md
2026-06-07T23:20:08.4563190-05:00  OK     forge.ai.simulation.PossibleTargetSelector.SimilarTargetSkipper.md
2026-06-07T23:20:19.2781882-05:00  OK     forge.ai.simulation.PossibleTargetSelector.Targets.md
2026-06-07T23:20:29.4348380-05:00  OK     forge.ai.simulation.SimulationController.CachedEffect.md
2026-06-07T23:20:41.9980165-05:00  OK     forge.ai.simulation.SimulationController.md
2026-06-07T23:20:54.6957270-05:00  OK     forge.ai.simulation.SpellAbilityChoicesIterator.AllowRepeatModesIterator.md
2026-06-07T23:21:07.1665980-05:00  OK     forge.ai.simulation.SpellAbilityChoicesIterator.ChoicePoint.md
2026-06-07T23:21:41.4123185-05:00  OK     forge.ai.simulation.SpellAbilityChoicesIterator.md
2026-06-07T23:21:53.6976834-05:00  OK     forge.ai.simulation.SpellAbilityPicker.md
2026-06-07T23:22:06.0195416-05:00  OK     forge.ai.SpecialAiLogic.md
2026-06-07T23:22:17.3481794-05:00  OK     forge.ai.SpecialCardAi.Arena.md
2026-06-07T23:22:29.7917486-05:00  OK     forge.ai.SpecialCardAi.BlackLotus.md
2026-06-07T23:22:42.1386440-05:00  OK     forge.ai.SpecialCardAi.BrainInAJar.md
2026-06-07T23:22:54.0280645-05:00  OK     forge.ai.SpecialCardAi.ChainOfAcid.md
2026-06-07T23:23:05.2589214-05:00  OK     forge.ai.SpecialCardAi.ChainOfSmog.md
2026-06-07T23:23:17.7732524-05:00  OK     forge.ai.SpecialCardAi.CrawlingBarrens.md
2026-06-07T23:23:29.4902482-05:00  OK     forge.ai.SpecialCardAi.CursedScroll.md
2026-06-07T23:23:43.0605832-05:00  OK     forge.ai.SpecialCardAi.DeathgorgeScavenger.md
2026-06-07T23:23:55.0731061-05:00  OK     forge.ai.SpecialCardAi.DesecrationDemon.md
2026-06-07T23:24:07.7430146-05:00  OK     forge.ai.SpecialCardAi.Donate.md
2026-06-07T23:24:20.1877993-05:00  OK     forge.ai.SpecialCardAi.ElectrostaticPummeler.md
2026-06-07T23:24:33.5195685-05:00  OK     forge.ai.SpecialCardAi.ExtraplanarLens.md
2026-06-07T23:24:47.0237085-05:00  OK     forge.ai.SpecialCardAi.FellTheMighty.md
2026-06-07T23:24:59.6515225-05:00  OK     forge.ai.SpecialCardAi.ForceOfWill.md
2026-06-07T23:25:11.4860556-05:00  OK     forge.ai.SpecialCardAi.GideonBlackblade.md
2026-06-07T23:25:22.8820264-05:00  OK     forge.ai.SpecialCardAi.GoblinPolkaBand.md
2026-06-07T23:25:35.7509189-05:00  OK     forge.ai.SpecialCardAi.GrislySigil.md
2026-06-07T23:25:48.6672561-05:00  OK     forge.ai.SpecialCardAi.GrothamaAllDevouring.md
2026-06-07T23:26:00.7354477-05:00  OK     forge.ai.SpecialCardAi.GuiltyConscience.md
2026-06-07T23:26:13.6126640-05:00  OK     forge.ai.SpecialCardAi.Intuition.md
2026-06-07T23:26:26.9832360-05:00  OK     forge.ai.SpecialCardAi.LivingDeath.md
2026-06-07T23:26:39.1090881-05:00  OK     forge.ai.SpecialCardAi.MairsilThePretender.md
2026-06-07T23:26:51.2871123-05:00  OK     forge.ai.SpecialCardAi.MazesEnd.md
2026-06-07T23:27:05.3788039-05:00  OK     forge.ai.SpecialCardAi.md
2026-06-07T23:27:17.6956282-05:00  OK     forge.ai.SpecialCardAi.MimicVat.md
2026-06-07T23:27:30.3735203-05:00  OK     forge.ai.SpecialCardAi.MomirVigAvatar.md
2026-06-07T23:27:42.6941220-05:00  OK     forge.ai.SpecialCardAi.MultipleChoice.md
2026-06-07T23:27:56.4086730-05:00  OK     forge.ai.SpecialCardAi.Necropotence.md
2026-06-07T23:28:08.1547843-05:00  OK     forge.ai.SpecialCardAi.NullBrooch.md
2026-06-07T23:28:19.9982979-05:00  OK     forge.ai.SpecialCardAi.NykthosShrineToNyx.md
2026-06-07T23:28:32.2331907-05:00  OK     forge.ai.SpecialCardAi.PhyrexianDreadnought.md
2026-06-07T23:28:45.4330033-05:00  OK     forge.ai.SpecialCardAi.PithingNeedle.md
2026-06-07T23:28:59.2415343-05:00  OK     forge.ai.SpecialCardAi.PowerStruggle.md
2026-06-07T23:29:12.1418819-05:00  OK     forge.ai.SpecialCardAi.PriceOfProgress.md
2026-06-07T23:29:26.7710119-05:00  OK     forge.ai.SpecialCardAi.SarkhanTheMad.md
2026-06-07T23:29:39.2367053-05:00  OK     forge.ai.SpecialCardAi.SaviorOfOllenbock.md
2026-06-07T23:29:52.5955286-05:00  OK     forge.ai.SpecialCardAi.SorinVengefulBloodlord.md
2026-06-07T23:30:04.6097078-05:00  OK     forge.ai.SpecialCardAi.SurvivalOfTheFittest.md
2026-06-07T23:30:17.5432869-05:00  OK     forge.ai.SpecialCardAi.TheOneRing.md
2026-06-07T23:30:31.3936328-05:00  OK     forge.ai.SpecialCardAi.TheScarabGod.md
2026-06-07T23:30:43.0599432-05:00  OK     forge.ai.SpecialCardAi.Timetwister.md
2026-06-07T23:30:56.2062365-05:00  OK     forge.ai.SpecialCardAi.TimmerianFiends.md
2026-06-07T23:31:08.7343051-05:00  OK     forge.ai.SpecialCardAi.UginTheSpiritDragon.md
2026-06-07T23:31:19.8548273-05:00  OK     forge.ai.SpecialCardAi.VeilOfSummer.md
2026-06-07T23:31:31.5953288-05:00  OK     forge.ai.SpecialCardAi.VolrathsShapeshifter.md
2026-06-07T23:31:44.5213654-05:00  OK     forge.ai.SpecialCardAi.YawgmothsBargain.md
2026-06-07T23:31:56.1844902-05:00  OK     forge.ai.SpecialCardAi.YawgmothsWill.md
2026-06-07T23:32:11.4592282-05:00  OK     forge.ai.SpellAbilityAi.md
2026-06-07T23:32:22.4917766-05:00  OK     forge.ai.SpellApiToAi.md
2026-06-07T23:32:32.6866451-05:00  OK     forge.card.CardAiHints.md
2026-06-07T23:32:45.0902608-05:00  OK     forge.card.CardChangedType.md
2026-06-07T23:32:56.6689780-05:00  OK     forge.card.CardDb.CardArtPreference.md
2026-06-07T23:33:08.9093766-05:00  OK     forge.card.CardDb.CardRequest.md
2026-06-07T23:33:20.4506301-05:00  OK     forge.card.CardDb.Editor.md
2026-06-07T23:33:34.2374266-05:00  OK     forge.card.CardDb.md
2026-06-07T23:33:45.7824876-05:00  OK     forge.card.CardEdition.BorderColor.md
2026-06-07T23:33:58.3433861-05:00  OK     forge.card.CardEdition.Collection.md
2026-06-07T23:34:09.5145372-05:00  OK     forge.card.CardEdition.EditionEntry.md
2026-06-07T23:34:20.3004562-05:00  OK     forge.card.CardEdition.EditionSectionWithCollectorNumbers.md
2026-06-07T23:34:30.3686618-05:00  OK     forge.card.CardEdition.FoilType.md
2026-06-07T23:34:44.0095781-05:00  OK     forge.card.CardEdition.md
2026-06-07T23:34:56.0356380-05:00  OK     forge.card.CardEdition.Predicates.md
2026-06-07T23:35:09.0400915-05:00  OK     forge.card.CardEdition.Reader.md
2026-06-07T23:35:21.6496874-05:00  OK     forge.card.CardEdition.Type.md
2026-06-07T23:35:33.7567726-05:00  OK     forge.card.CardFace.md
2026-06-07T23:36:01.1529732-05:00  OK     forge.card.CardFacePredicates.md
2026-06-07T23:36:11.5961341-05:00  OK     forge.card.CardFacePredicates.PredicateCoreType.md
2026-06-07T23:36:23.1558948-05:00  OK     forge.card.CardFacePredicates.PredicateSuperType.md
2026-06-07T23:36:34.3536713-05:00  OK     forge.card.CardFacePredicates.ValidPredicate.md
2026-06-07T23:36:45.6800770-05:00  OK     forge.card.CardRarity.md
2026-06-07T23:37:00.9202709-05:00  OK     forge.card.CardRules.md
2026-06-07T23:37:13.8746848-05:00  OK     forge.card.CardRules.Reader.md
2026-06-07T23:37:25.5967522-05:00  OK     forge.card.CardRulesPredicates.LeafColor.ColorOperator.md
2026-06-07T23:37:36.8515371-05:00  OK     forge.card.CardRulesPredicates.LeafColor.md
2026-06-07T23:37:50.4706260-05:00  OK     forge.card.CardRulesPredicates.LeafNumber.CardField.md
2026-06-07T23:38:01.9748394-05:00  OK     forge.card.CardRulesPredicates.LeafNumber.md
2026-06-07T23:38:12.1498651-05:00  OK     forge.card.CardRulesPredicates.LeafString.CardField.md
2026-06-07T23:38:25.5500083-05:00  OK     forge.card.CardRulesPredicates.LeafString.md
2026-06-07T23:38:38.2137480-05:00  OK     forge.card.CardRulesPredicates.md
2026-06-07T23:38:51.9358931-05:00  OK     forge.card.CardSplitType.FaceSelectionMethod.md
2026-06-07T23:39:03.9921964-05:00  OK     forge.card.CardSplitType.md
2026-06-07T23:39:15.0306631-05:00  OK     forge.card.CardStateName.md
2026-06-07T23:39:26.7474920-05:00  OK     forge.card.CardType.Constant.md
2026-06-07T23:39:39.0499363-05:00  OK     forge.card.CardType.CoreType.md
2026-06-07T23:39:49.8180052-05:00  OK     forge.card.CardType.Helper.md
2026-06-07T23:40:03.6608435-05:00  OK     forge.card.CardType.md
2026-06-07T23:40:15.3442171-05:00  OK     forge.card.CardType.Supertype.md
2026-06-07T23:40:27.4774373-05:00  OK     forge.card.CardTypeView.md
2026-06-07T23:40:41.2983802-05:00  OK     forge.card.ColorSet.md
2026-06-07T23:40:53.1233207-05:00  OK     forge.card.DeckHints.md
2026-06-07T23:41:03.4000075-05:00  OK     forge.card.DeckHints.Type.md
2026-06-07T23:41:14.4764582-05:00  OK     forge.card.DraftOptions.DeckType.md
2026-06-07T23:41:25.8039674-05:00  OK     forge.card.DraftOptions.DoublePick.md
2026-06-07T23:41:38.9239315-05:00  OK     forge.card.DraftOptions.md
2026-06-07T23:41:50.7500605-05:00  OK     forge.card.GamePieceType.md
2026-06-07T23:42:02.1303013-05:00  OK     forge.card.ICardChangedType.md
2026-06-07T23:42:13.9989179-05:00  OK     forge.card.ICardCharacteristics.md
2026-06-07T23:42:26.6691937-05:00  OK     forge.card.ICardDatabase.md
2026-06-07T23:42:39.1246687-05:00  OK     forge.card.ICardFace.md
2026-06-07T23:42:50.1191094-05:00  OK     forge.card.ICardRawAbilites.md
2026-06-07T23:43:01.5029094-05:00  OK     forge.card.MagicColor.Color.md
2026-06-07T23:43:12.1634057-05:00  OK     forge.card.MagicColor.Constant.md
2026-06-07T23:43:24.7674462-05:00  OK     forge.card.MagicColor.md
2026-06-07T23:43:36.4935423-05:00  OK     forge.card.mana.IParserManaCost.md
2026-06-07T23:43:48.1535158-05:00  OK     forge.card.mana.ManaAtom.md
2026-06-07T23:44:01.4969087-05:00  OK     forge.card.mana.ManaCost.md
2026-06-07T23:44:12.9785500-05:00  OK     forge.card.mana.ManaCostParser.md
2026-06-07T23:44:26.6024970-05:00  OK     forge.card.mana.ManaCostShard.md
2026-06-07T23:44:38.3835537-05:00  OK     forge.card.PrintSheet.md
2026-06-07T23:44:48.6002562-05:00  OK     forge.card.PrintSheet.Reader.md
2026-06-07T23:44:58.6543510-05:00  OK     forge.card.RemoveType.md
2026-06-07T23:45:09.0417461-05:00  OK     forge.card.StateChangedType.md
2026-06-07T23:45:20.2581233-05:00  OK     forge.card.WordChangedType.md
2026-06-07T23:45:32.5100620-05:00  OK     forge.CardStorageReader.md
2026-06-07T23:45:42.8655196-05:00  OK     forge.CardStorageReader.ProgressObserver.md
2026-06-07T23:45:55.5541694-05:00  OK     forge.deck.CardPool.md
2026-06-07T23:46:07.9788463-05:00  OK     forge.deck.Deck.md
2026-06-07T23:46:23.2041917-05:00  OK     forge.deck.Deck.UnplayableAICards.md
2026-06-07T23:46:43.5485473-05:00  OK     forge.deck.DeckBase.md
2026-06-07T23:46:56.7605745-05:00  OK     forge.deck.DeckFormat.md
2026-06-07T23:47:08.8755061-05:00  OK     forge.deck.DeckGroup.md
2026-06-07T23:47:21.2919539-05:00  OK     forge.deck.DeckRecognizer.LimitedCardType.md
2026-06-07T23:47:36.9149443-05:00  OK     forge.deck.DeckRecognizer.md
2026-06-07T23:47:50.6506122-05:00  OK     forge.deck.DeckRecognizer.Token.md
2026-06-07T23:48:02.1698853-05:00  OK     forge.deck.DeckRecognizer.Token.TokenKey.md
2026-06-07T23:48:14.9405376-05:00  OK     forge.deck.DeckRecognizer.TokenType.md
2026-06-07T23:48:28.2777713-05:00  OK     forge.deck.DeckSection.md
2026-06-07T23:48:40.4561874-05:00  OK     forge.deck.DeckSection.Validators.md
2026-06-07T23:48:52.5847619-05:00  OK     forge.deck.generation.DeckGenerator2Color.md
2026-06-07T23:49:04.4825128-05:00  OK     forge.deck.generation.DeckGenerator3Color.md
2026-06-07T23:49:17.1473061-05:00  OK     forge.deck.generation.DeckGenerator4Color.md
2026-06-07T23:49:28.7893034-05:00  OK     forge.deck.generation.DeckGenerator5Color.md
2026-06-07T23:49:37.6553179-05:00  OK     forge.deck.generation.DeckGeneratorBase.FilterCMC.md
2026-06-07T23:49:48.5548938-05:00  OK     forge.deck.generation.DeckGeneratorBase.MatchColorIdentity.md
2026-06-07T23:50:00.9715885-05:00  OK     forge.deck.generation.DeckGeneratorBase.md
2026-06-07T23:50:12.6038429-05:00  OK     forge.deck.generation.DeckGeneratorMonoColor.md
2026-06-07T23:50:23.2426862-05:00  OK     forge.deck.generation.DeckGenPool.md
2026-06-07T23:50:34.2467247-05:00  OK     forge.deck.generation.IDeckGenPool.md
2026-06-07T23:50:46.0469801-05:00  OK     forge.deck.io.DeckFileHeader.md
2026-06-07T23:51:12.8432128-05:00  OK     forge.deck.io.DeckGroupSerializer.md
2026-06-07T23:51:24.7710120-05:00  OK     forge.deck.io.DeckSerializer.md
2026-06-07T23:51:36.8480766-05:00  OK     forge.deck.io.DeckStorage.md
2026-06-07T23:51:48.6142668-05:00  OK     forge.FTrace.md
2026-06-07T23:52:04.6029652-05:00  OK     forge.game.ability.AbilityApiBased.md
2026-06-07T23:52:15.9070038-05:00  OK     forge.game.ability.AbilityFactory.AbilityRecordType.md
2026-06-07T23:52:28.5703310-05:00  OK     forge.game.ability.AbilityFactory.md
2026-06-07T23:52:39.6706612-05:00  OK     forge.game.ability.AbilityKey.md
2026-06-07T23:52:59.5979255-05:00  OK     forge.game.ability.AbilityUtils.md
2026-06-07T23:53:15.0362403-05:00  OK     forge.game.ability.ApiType.md
2026-06-07T23:53:26.9162906-05:00  OK     forge.game.ability.effects.AbandonEffect.md
2026-06-07T23:53:38.3876561-05:00  OK     forge.game.ability.effects.ActivateAbilityEffect.md
2026-06-07T23:53:50.8108448-05:00  OK     forge.game.ability.effects.AddPhaseEffect.md
2026-06-07T23:54:10.2714098-05:00  OK     forge.game.ability.effects.AddTurnEffect.md
2026-06-07T23:54:21.8580871-05:00  OK     forge.game.ability.effects.AdvanceCrankEffect.md
2026-06-07T23:54:33.7130831-05:00  OK     forge.game.ability.effects.AirbendEffect.md
2026-06-07T23:54:47.2896497-05:00  OK     forge.game.ability.effects.AlterAttributeEffect.md
2026-06-07T23:55:01.1724303-05:00  OK     forge.game.ability.effects.AmassEffect.md
2026-06-07T23:55:14.1823223-05:00  OK     forge.game.ability.effects.AnimateAllEffect.md
2026-06-07T23:55:26.3738528-05:00  OK     forge.game.ability.effects.AnimateEffect.md
2026-06-07T23:55:39.2087470-05:00  OK     forge.game.ability.effects.AnimateEffectBase.md
2026-06-07T23:55:50.8381234-05:00  OK     forge.game.ability.effects.AscendEffect.md
2026-06-07T23:56:02.8062941-05:00  OK     forge.game.ability.effects.AssembleContraptionEffect.md
2026-06-07T23:56:13.6576393-05:00  OK     forge.game.ability.effects.AssignGroupEffect.md
2026-06-07T23:56:27.3872630-05:00  OK     forge.game.ability.effects.AttachEffect.md
2026-06-07T23:56:39.4299616-05:00  OK     forge.game.ability.effects.BalanceEffect.md
2026-06-07T23:56:52.0956856-05:00  OK     forge.game.ability.effects.BecomeMonarchEffect.md
2026-06-07T23:57:04.8451083-05:00  OK     forge.game.ability.effects.BecomesBlockedEffect.md
2026-06-07T23:57:15.6898196-05:00  OK     forge.game.ability.effects.BidLifeEffect.md
2026-06-07T23:57:27.6808092-05:00  OK     forge.game.ability.effects.BlankLineEffect.md
2026-06-07T23:57:40.8032679-05:00  OK     forge.game.ability.effects.BlightEffect.md
2026-06-07T23:57:52.1716901-05:00  OK     forge.game.ability.effects.BlockEffect.md
2026-06-07T23:58:03.7694542-05:00  OK     forge.game.ability.effects.BondEffect.md
2026-06-07T23:58:15.3831093-05:00  OK     forge.game.ability.effects.BranchEffect.md
2026-06-07T23:58:28.3895634-05:00  OK     forge.game.ability.effects.CamouflageEffect.md
2026-06-07T23:58:39.7356062-05:00  OK     forge.game.ability.effects.ChangeCombatantsEffect.md
2026-06-07T23:58:50.6664088-05:00  OK     forge.game.ability.effects.ChangeSpeedEffect.md
2026-06-07T23:59:06.0259146-05:00  OK     forge.game.ability.effects.ChangeTargetsEffect.md
2026-06-07T23:59:17.4993901-05:00  OK     forge.game.ability.effects.ChangeTextEffect.md
2026-06-07T23:59:33.1174787-05:00  OK     forge.game.ability.effects.ChangeXEffect.md
2026-06-07T23:59:44.2777494-05:00  OK     forge.game.ability.effects.ChangeZoneAllEffect.md
2026-06-07T23:59:56.7749115-05:00  OK     forge.game.ability.effects.ChangeZoneEffect.HiddenOriginChoices.md
2026-06-08T00:00:09.5030840-05:00  OK     forge.game.ability.effects.ChangeZoneEffect.md
2026-06-08T00:00:22.7244594-05:00  OK     forge.game.ability.effects.ChangeZoneResolveEffect.md
2026-06-08T00:00:35.8498666-05:00  OK     forge.game.ability.effects.ChaosEnsuesEffect.md
2026-06-08T00:00:49.2945752-05:00  OK     forge.game.ability.effects.CharmEffect.md
2026-06-08T00:01:03.2428404-05:00  OK     forge.game.ability.effects.ChooseCardEffect.md
2026-06-08T00:01:16.6917710-05:00  OK     forge.game.ability.effects.ChooseCardNameEffect.md
2026-06-08T00:01:29.8966928-05:00  OK     forge.game.ability.effects.ChooseColorEffect.md
2026-06-08T00:01:41.8712465-05:00  OK     forge.game.ability.effects.ChooseDirectionEffect.md
2026-06-08T00:01:54.2980997-05:00  OK     forge.game.ability.effects.ChooseEvenOddEffect.md
2026-06-08T00:02:07.3077585-05:00  OK     forge.game.ability.effects.ChooseGenericEffect.md
2026-06-08T00:02:23.9025468-05:00  OK     forge.game.ability.effects.ChooseNumberEffect.md
2026-06-08T00:02:37.3492827-05:00  OK     forge.game.ability.effects.ChoosePlayerEffect.md
2026-06-08T00:02:50.9306675-05:00  OK     forge.game.ability.effects.ChooseSectorEffect.md
2026-06-08T00:03:05.0065309-05:00  OK     forge.game.ability.effects.ChooseSourceEffect.md
2026-06-08T00:03:19.2850191-05:00  OK     forge.game.ability.effects.ChooseTypeEffect.md
2026-06-08T00:03:31.4054480-05:00  OK     forge.game.ability.effects.ClaimThePrizeEffect.md
2026-06-08T00:03:44.2022326-05:00  OK     forge.game.ability.effects.ClashEffect.md
2026-06-08T00:03:56.2298140-05:00  OK     forge.game.ability.effects.ClassLevelUpEffect.md
2026-06-08T00:04:09.0795113-05:00  OK     forge.game.ability.effects.CleanUpEffect.md
2026-06-08T00:04:20.5441813-05:00  OK     forge.game.ability.effects.CloakEffect.md
2026-06-08T00:04:33.1618177-05:00  OK     forge.game.ability.effects.CloneEffect.md
2026-06-08T00:04:45.9943141-05:00  OK     forge.game.ability.effects.ConniveEffect.md
2026-06-08T00:04:58.3414375-05:00  OK     forge.game.ability.effects.ControlExchangeEffect.md
2026-06-08T00:05:10.3285036-05:00  OK     forge.game.ability.effects.ControlExchangeVariantEffect.md
2026-06-08T00:05:37.4675294-05:00  OK     forge.game.ability.effects.ControlGainEffect.md
2026-06-08T00:05:49.6269010-05:00  OK     forge.game.ability.effects.ControlGainVariantEffect.md
2026-06-08T00:06:02.0219971-05:00  OK     forge.game.ability.effects.ControlPlayerEffect.md
2026-06-08T00:06:14.0933395-05:00  OK     forge.game.ability.effects.ControlSpellEffect.md
2026-06-08T00:06:27.7740975-05:00  OK     forge.game.ability.effects.CopyPermanentEffect.md
2026-06-08T00:06:40.5144793-05:00  OK     forge.game.ability.effects.CopySpellAbilityEffect.md
2026-06-08T00:06:53.7261123-05:00  OK     forge.game.ability.effects.CounterEffect.md
2026-06-08T00:07:05.7248746-05:00  OK     forge.game.ability.effects.CountersMoveEffect.md
2026-06-08T00:07:18.4128333-05:00  OK     forge.game.ability.effects.CountersMultiplyEffect.md
2026-06-08T00:07:34.4470204-05:00  OK     forge.game.ability.effects.CountersNoteEffect.md
2026-06-08T00:07:55.9961872-05:00  OK     forge.game.ability.effects.CountersProliferateEffect.md
2026-06-08T00:08:07.5288076-05:00  OK     forge.game.ability.effects.CountersPutAllEffect.md
2026-06-08T00:08:20.3441839-05:00  OK     forge.game.ability.effects.CountersPutEffect.md
2026-06-08T00:08:33.0795009-05:00  OK     forge.game.ability.effects.CountersPutOrRemoveEffect.md
2026-06-08T00:08:46.2001363-05:00  OK     forge.game.ability.effects.CountersRemoveAllEffect.md
2026-06-08T00:08:58.2991580-05:00  OK     forge.game.ability.effects.CountersRemoveEffect.md
2026-06-08T00:09:11.8080118-05:00  OK     forge.game.ability.effects.DamageAllEffect.md
2026-06-08T00:09:22.9447672-05:00  OK     forge.game.ability.effects.DamageBaseEffect.md
2026-06-08T00:09:37.2759959-05:00  OK     forge.game.ability.effects.DamageDealEffect.md
2026-06-08T00:09:51.4892745-05:00  OK     forge.game.ability.effects.DamageEachEffect.md
2026-06-08T00:10:03.3987755-05:00  OK     forge.game.ability.effects.DamagePreventEffect.md
2026-06-08T00:10:14.4514402-05:00  OK     forge.game.ability.effects.DamageResolveEffect.md
2026-06-08T00:10:26.1610307-05:00  OK     forge.game.ability.effects.DayTimeEffect.md
2026-06-08T00:10:39.7994270-05:00  OK     forge.game.ability.effects.DebuffEffect.md
2026-06-08T00:10:52.5104729-05:00  OK     forge.game.ability.effects.DelayedTriggerEffect.md
2026-06-08T00:11:05.8103037-05:00  OK     forge.game.ability.effects.DestroyAllEffect.md
2026-06-08T00:11:18.0241180-05:00  OK     forge.game.ability.effects.DestroyEffect.md
2026-06-08T00:11:29.3161005-05:00  OK     forge.game.ability.effects.DetachedCardEffect.md
2026-06-08T00:11:42.8464355-05:00  OK     forge.game.ability.effects.DetainEffect.md
2026-06-08T00:12:01.9244198-05:00  OK     forge.game.ability.effects.DigEffect.md
2026-06-08T00:12:15.7726411-05:00  OK     forge.game.ability.effects.DigMultipleEffect.md
2026-06-08T00:12:28.5201884-05:00  OK     forge.game.ability.effects.DigUntilEffect.md
2026-06-08T00:12:42.4743065-05:00  OK     forge.game.ability.effects.DiscardEffect.md
2026-06-08T00:12:59.4235457-05:00  OK     forge.game.ability.effects.DiscoverEffect.md
2026-06-08T00:13:13.1948666-05:00  OK     forge.game.ability.effects.DraftEffect.md
2026-06-08T00:13:25.8901689-05:00  OK     forge.game.ability.effects.DrainManaEffect.md
2026-06-08T00:13:40.5743378-05:00  OK     forge.game.ability.effects.DrawEffect.md
2026-06-08T00:13:52.7909434-05:00  OK     forge.game.ability.effects.EarthbendEffect.md
2026-06-08T00:14:07.9878924-05:00  OK     forge.game.ability.effects.EffectEffect.md
2026-06-08T00:14:20.1006687-05:00  OK     forge.game.ability.effects.EncodeEffect.md
2026-06-08T00:14:33.3575886-05:00  OK     forge.game.ability.effects.EndCombatPhaseEffect.md
2026-06-08T00:14:46.6940059-05:00  OK     forge.game.ability.effects.EndTurnEffect.md
2026-06-08T00:14:58.3934143-05:00  OK     forge.game.ability.effects.EndureEffect.md
2026-06-08T00:15:11.1156651-05:00  OK     forge.game.ability.effects.ExploreEffect.md
2026-06-08T00:15:24.1644475-05:00  OK     forge.game.ability.effects.FightEffect.md
2026-06-08T00:15:36.6056285-05:00  OK     forge.game.ability.effects.FlipCoinEffect.md
2026-06-08T00:15:50.7832984-05:00  OK     forge.game.ability.effects.FlipOntoBattlefieldEffect.md
2026-06-08T00:16:02.3159805-05:00  OK     forge.game.ability.effects.FogEffect.md
2026-06-08T00:16:12.7101411-05:00  OK     forge.game.ability.effects.GameDrawEffect.md
2026-06-08T00:16:24.7660705-05:00  OK     forge.game.ability.effects.GameLossEffect.md
2026-06-08T00:16:35.9103822-05:00  OK     forge.game.ability.effects.GameWinEffect.md
2026-06-08T00:16:48.2450487-05:00  OK     forge.game.ability.effects.GoadEffect.md
2026-06-08T00:17:02.4923226-05:00  OK     forge.game.ability.effects.HauntEffect.md
2026-06-08T00:17:14.9547670-05:00  OK     forge.game.ability.effects.HeistEffect.md
2026-06-08T00:17:27.6600616-05:00  OK     forge.game.ability.effects.ImmediateTriggerEffect.md
2026-06-08T00:17:41.4801355-05:00  OK     forge.game.ability.effects.IncubateEffect.md
2026-06-08T00:17:52.8255703-05:00  OK     forge.game.ability.effects.IntensifyEffect.md
2026-06-08T00:18:05.2134602-05:00  OK     forge.game.ability.effects.InternalRadiationEffect.md
2026-06-08T00:18:18.8238096-05:00  OK     forge.game.ability.effects.InvestigateEffect.md
2026-06-08T00:18:30.7585750-05:00  OK     forge.game.ability.effects.LearnEffect.md
2026-06-08T00:18:43.5242269-05:00  OK     forge.game.ability.effects.LifeExchangeEffect.md
2026-06-08T00:18:56.1659833-05:00  OK     forge.game.ability.effects.LifeExchangeVariantEffect.md
2026-06-08T00:19:07.5773625-05:00  OK     forge.game.ability.effects.LifeGainEffect.md
2026-06-08T00:19:19.4268413-05:00  OK     forge.game.ability.effects.LifeLoseEffect.md
2026-06-08T00:19:30.9803909-05:00  OK     forge.game.ability.effects.LifeSetEffect.md
2026-06-08T00:19:42.1232325-05:00  OK     forge.game.ability.effects.LookAtEffect.md
2026-06-08T00:19:53.7733106-05:00  OK     forge.game.ability.effects.LosePerpetualEffect.md
2026-06-08T00:20:06.2669326-05:00  OK     forge.game.ability.effects.MakeCardEffect.md
2026-06-08T00:20:18.4808154-05:00  OK     forge.game.ability.effects.ManaEffect.md
2026-06-08T00:20:45.5393348-05:00  OK     forge.game.ability.effects.ManaReflectedEffect.md
2026-06-08T00:20:58.2134381-05:00  OK     forge.game.ability.effects.ManifestBaseEffect.md
2026-06-08T00:21:12.0140053-05:00  OK     forge.game.ability.effects.ManifestDreadEffect.md
2026-06-08T00:21:23.0258830-05:00  OK     forge.game.ability.effects.ManifestEffect.md
2026-06-08T00:21:35.5877521-05:00  OK     forge.game.ability.effects.MeldEffect.md
2026-06-08T00:21:48.9395753-05:00  OK     forge.game.ability.effects.MillEffect.md
2026-06-08T00:22:01.3607781-05:00  OK     forge.game.ability.effects.MultiplePilesEffect.md
2026-06-08T00:22:12.7985530-05:00  OK     forge.game.ability.effects.MustBlockEffect.md
2026-06-08T00:22:25.0692597-05:00  OK     forge.game.ability.effects.MutateEffect.md
2026-06-08T00:22:36.9690800-05:00  OK     forge.game.ability.effects.OpenAttractionEffect.md
2026-06-08T00:22:48.5514471-05:00  OK     forge.game.ability.effects.OwnershipGainEffect.md
2026-06-08T00:23:01.0987884-05:00  OK     forge.game.ability.effects.PeekAndRevealEffect.md
2026-06-08T00:23:11.7556707-05:00  OK     forge.game.ability.effects.PermanentCreatureEffect.md
2026-06-08T00:23:25.9643377-05:00  OK     forge.game.ability.effects.PermanentEffect.md
2026-06-08T00:23:36.1337465-05:00  OK     forge.game.ability.effects.PermanentNoncreatureEffect.md
2026-06-08T00:23:50.8125384-05:00  OK     forge.game.ability.effects.PhasesEffect.md
2026-06-08T00:24:04.2195748-05:00  OK     forge.game.ability.effects.PlaneswalkEffect.md
2026-06-08T00:24:19.3406346-05:00  OK     forge.game.ability.effects.PlayEffect.md
2026-06-08T00:24:31.4474866-05:00  OK     forge.game.ability.effects.PlayLandVariantEffect.md
2026-06-08T00:24:42.6640190-05:00  OK     forge.game.ability.effects.PoisonEffect.md
2026-06-08T00:24:54.6443420-05:00  OK     forge.game.ability.effects.PowerExchangeEffect.md
2026-06-08T00:25:07.7650152-05:00  OK     forge.game.ability.effects.ProtectAllEffect.md
2026-06-08T00:25:22.2142034-05:00  OK     forge.game.ability.effects.ProtectEffect.md
2026-06-08T00:25:34.4563110-05:00  OK     forge.game.ability.effects.PumpAllEffect.md
2026-06-08T00:25:46.8073619-05:00  OK     forge.game.ability.effects.PumpEffect.md
2026-06-08T00:25:58.5954394-05:00  OK     forge.game.ability.effects.RadiationEffect.md
2026-06-08T00:26:10.4494265-05:00  OK     forge.game.ability.effects.RearrangeTopOfLibraryEffect.md
2026-06-08T00:26:22.9678452-05:00  OK     forge.game.ability.effects.RegenerateEffect.md
2026-06-08T00:26:34.9132176-05:00  OK     forge.game.ability.effects.RegenerationEffect.md
2026-06-08T00:26:48.5073226-05:00  OK     forge.game.ability.effects.RemoveFromCombatEffect.md
2026-06-08T00:26:58.6316952-05:00  OK     forge.game.ability.effects.RemoveFromGameEffect.md
2026-06-08T00:27:11.1182799-05:00  OK     forge.game.ability.effects.RemoveFromMatchEffect.md
2026-06-08T00:27:24.1725747-05:00  OK     forge.game.ability.effects.ReorderZoneEffect.md
2026-06-08T00:27:39.0984582-05:00  OK     forge.game.ability.effects.RepeatEachEffect.md
2026-06-08T00:27:51.4950813-05:00  OK     forge.game.ability.effects.RepeatEffect.md
2026-06-08T00:28:04.2337437-05:00  OK     forge.game.ability.effects.ReplaceCounterEffect.md
2026-06-08T00:28:16.8968565-05:00  OK     forge.game.ability.effects.ReplaceDamageEffect.md
2026-06-08T00:28:29.6891838-05:00  OK     forge.game.ability.effects.ReplaceEffect.md
2026-06-08T00:28:43.9375719-05:00  OK     forge.game.ability.effects.ReplaceManaEffect.md
2026-06-08T00:28:56.6312809-05:00  OK     forge.game.ability.effects.ReplaceSplitDamageEffect.md
2026-06-08T00:29:10.1247215-05:00  OK     forge.game.ability.effects.ReplaceTokenEffect.md
2026-06-08T00:29:21.8877222-05:00  OK     forge.game.ability.effects.RestartGameEffect.md
2026-06-08T00:29:35.2788113-05:00  OK     forge.game.ability.effects.RevealEffect.md
2026-06-08T00:29:46.8514671-05:00  OK     forge.game.ability.effects.RevealHandEffect.md
2026-06-08T00:29:58.4977937-05:00  OK     forge.game.ability.effects.ReverseTurnOrderEffect.md
2026-06-08T00:30:13.6260065-05:00  OK     forge.game.ability.effects.RingTemptsYouEffect.md
2026-06-08T00:30:25.4465871-05:00  OK     forge.game.ability.effects.RollDiceEffect.DieRollResult.md
2026-06-08T00:30:39.0997320-05:00  OK     forge.game.ability.effects.RollDiceEffect.md
2026-06-08T00:30:50.5516719-05:00  OK     forge.game.ability.effects.RollPlanarDiceEffect.md
2026-06-08T00:31:03.2789471-05:00  OK     forge.game.ability.effects.RunChaosEffect.md
2026-06-08T00:31:15.5419161-05:00  OK     forge.game.ability.effects.SacrificeAllEffect.md
2026-06-08T00:31:29.0230335-05:00  OK     forge.game.ability.effects.SacrificeEffect.md
2026-06-08T00:31:40.6131011-05:00  OK     forge.game.ability.effects.ScryEffect.md
2026-06-08T00:31:54.4485569-05:00  OK     forge.game.ability.effects.SeekEffect.md
2026-06-08T00:32:04.8002292-05:00  OK     forge.game.ability.effects.SetInMotionEffect.md
2026-06-08T00:32:17.2778461-05:00  OK     forge.game.ability.effects.SetStateEffect.md
2026-06-08T00:32:28.7004967-05:00  OK     forge.game.ability.effects.ShuffleEffect.md
2026-06-08T00:32:41.7973447-05:00  OK     forge.game.ability.effects.SkipPhaseEffect.md
2026-06-08T00:32:53.7643278-05:00  OK     forge.game.ability.effects.SkipTurnEffect.md
2026-06-08T00:33:06.6802166-05:00  OK     forge.game.ability.effects.StoreSVarEffect.md
2026-06-08T00:33:18.9415602-05:00  OK     forge.game.ability.effects.SubgameEffect.md
2026-06-08T00:33:31.7820042-05:00  OK     forge.game.ability.effects.SurveilEffect.md
2026-06-08T00:33:43.6467527-05:00  OK     forge.game.ability.effects.SwitchBlockEffect.md
2026-06-08T00:33:55.3052670-05:00  OK     forge.game.ability.effects.TakeInitiativeEffect.md
2026-06-08T00:34:07.2302572-05:00  OK     forge.game.ability.effects.TapAllEffect.md
2026-06-08T00:34:17.1427372-05:00  OK     forge.game.ability.effects.TapEffect.md
2026-06-08T00:34:32.7149179-05:00  OK     forge.game.ability.effects.TapOrUntapAllEffect.md
2026-06-08T00:34:44.9130514-05:00  OK     forge.game.ability.effects.TapOrUntapEffect.md
2026-06-08T00:34:57.4785592-05:00  OK     forge.game.ability.effects.TextBoxExchangeEffect.md
2026-06-08T00:35:08.1495918-05:00  OK     forge.game.ability.effects.TextBoxExchangeEffect.TextBoxData.md
2026-06-08T00:35:21.1297627-05:00  OK     forge.game.ability.effects.TimeTravelEffect.md
2026-06-08T00:35:34.8612779-05:00  OK     forge.game.ability.effects.TokenEffect.md
2026-06-08T00:35:47.5217368-05:00  OK     forge.game.ability.effects.TokenEffectBase.md
2026-06-08T00:35:59.9632693-05:00  OK     forge.game.ability.effects.TwoPilesEffect.md
2026-06-08T00:36:11.1583869-05:00  OK     forge.game.ability.effects.UnattachEffect.md
2026-06-08T00:36:22.9353659-05:00  OK     forge.game.ability.effects.UnlockDoorEffect.md
2026-06-08T00:36:35.0076824-05:00  OK     forge.game.ability.effects.UntapAllEffect.md
2026-06-08T00:36:47.1544714-05:00  OK     forge.game.ability.effects.UntapEffect.md
2026-06-08T00:36:59.0576578-05:00  OK     forge.game.ability.effects.VentureEffect.md
2026-06-08T00:37:14.5728867-05:00  OK     forge.game.ability.effects.VillainousChoiceEffect.md
2026-06-08T00:37:26.5656406-05:00  OK     forge.game.ability.effects.VoteEffect.md
2026-06-08T00:37:37.5330218-05:00  OK     forge.game.ability.effects.ZoneExchangeEffect.md
2026-06-08T00:37:47.5540367-05:00  OK     forge.game.ability.IllegalAbilityException.md
2026-06-08T00:38:01.9427093-05:00  OK     forge.game.ability.SpellAbilityEffect.md
2026-06-08T00:38:14.4389345-05:00  OK     forge.game.ability.SpellApiBased.md
2026-06-08T00:38:26.4936475-05:00  OK     forge.game.ability.StaticAbilityApiBased.md
2026-06-08T00:38:38.2874689-05:00  OK     forge.game.card.ActivationTable.md
2026-06-08T00:38:49.8226973-05:00  OK     forge.game.card.Card.CardChangedName.md
2026-06-08T00:39:00.9442126-05:00  OK     forge.game.card.Card.CardColor.md
2026-06-08T00:39:12.4654282-05:00  OK     forge.game.card.Card.CardManaCost.md
2026-06-08T00:39:24.4689755-05:00  OK     forge.game.card.Card.CountKeywordVisitor.md
2026-06-08T00:39:35.5271895-05:00  OK     forge.game.card.Card.HasKeywordVisitor.md
2026-06-08T00:39:46.8996305-05:00  OK     forge.game.card.Card.ListKeywordVisitor.md
2026-06-08T00:40:03.4880478-05:00  OK     forge.game.card.Card.md
2026-06-08T00:40:13.3499982-05:00  OK     forge.game.card.Card.SplitCMCMode.md
2026-06-08T00:40:27.9862553-05:00  OK     forge.game.card.Card.StatBreakdown.md
2026-06-08T00:40:41.0454942-05:00  OK     forge.game.card.CardChangedWords.md
2026-06-08T00:40:53.6135294-05:00  OK     forge.game.card.CardChangedWords.WordHolder.md
2026-06-08T00:41:05.4957415-05:00  OK     forge.game.card.CardCloneStates.md
2026-06-08T00:41:16.1790851-05:00  OK     forge.game.card.CardCollection.EmptyCardCollection.md
2026-06-08T00:41:27.9524617-05:00  OK     forge.game.card.CardCollection.md
2026-06-08T00:41:39.9090139-05:00  OK     forge.game.card.CardCollectionView.md
2026-06-08T00:41:53.0966157-05:00  OK     forge.game.card.CardCopyService.md
2026-06-08T00:42:05.2145058-05:00  OK     forge.game.card.CardDamageHistory.md
2026-06-08T00:42:18.1706426-05:00  OK     forge.game.card.CardDamageMap.md
2026-06-08T00:42:30.1745656-05:00  OK     forge.game.card.CardFaceView.md
2026-06-08T00:42:43.4170134-05:00  OK     forge.game.card.CardFactory.md
2026-06-08T00:42:59.5247693-05:00  OK     forge.game.card.CardFactoryUtil.md
2026-06-08T00:43:11.1862987-05:00  OK     forge.game.card.CardLists.md
2026-06-08T00:43:25.1250870-05:00  OK     forge.game.card.CardPlayOption.md
2026-06-08T00:43:37.6408653-05:00  OK     forge.game.card.CardPlayOption.PayManaCost.md
2026-06-08T00:43:50.4180541-05:00  OK     forge.game.card.CardPredicates.md
2026-06-08T00:44:06.5690173-05:00  OK     forge.game.card.CardProperty.md
2026-06-08T00:44:23.6617389-05:00  OK     forge.game.card.CardState.LandTraitChanges.md
2026-06-08T00:44:38.2935011-05:00  OK     forge.game.card.CardState.md
2026-06-08T00:44:49.3209579-05:00  OK     forge.game.card.CardTraitChanges.md
2026-06-08T00:45:02.2946809-05:00  OK     forge.game.card.CardUtil.md
2026-06-08T00:45:14.7355404-05:00  OK     forge.game.card.CardView.CardStateView.md
2026-06-08T00:45:29.2285595-05:00  OK     forge.game.card.CardView.md
2026-06-08T00:45:42.9228806-05:00  OK     forge.game.card.CardZoneTable.md
2026-06-08T00:45:54.0462804-05:00  OK     forge.game.card.CounterAiCategory.md
2026-06-08T00:46:05.4346588-05:00  OK     forge.game.card.CounterCustomType.md
2026-06-08T00:46:17.6364808-05:00  OK     forge.game.card.CounterEnumType.md
2026-06-08T00:46:30.0164705-05:00  OK     forge.game.card.CounterKeywordType.md
2026-06-08T00:46:42.0127858-05:00  OK     forge.game.card.CounterType.md
2026-06-08T00:46:53.6825556-05:00  OK     forge.game.card.ICardTraitChanges.md
2026-06-08T00:47:05.5711826-05:00  OK     forge.game.card.IHasCardView.md
2026-06-08T00:47:17.7261894-05:00  OK     forge.game.card.perpetual.PerpetualAbilities.md
2026-06-08T00:47:29.8340716-05:00  OK     forge.game.card.perpetual.PerpetualColors.md
2026-06-08T00:47:41.1850518-05:00  OK     forge.game.card.perpetual.PerpetualIncorporate.md
2026-06-08T00:47:51.3220711-05:00  OK     forge.game.card.perpetual.PerpetualInterface.md
2026-06-08T00:48:03.5360573-05:00  OK     forge.game.card.perpetual.PerpetualKeywords.md
2026-06-08T00:48:15.7702845-05:00  OK     forge.game.card.perpetual.PerpetualManaCost.md
2026-06-08T00:48:27.2566600-05:00  OK     forge.game.card.perpetual.PerpetualNewPT.md
2026-06-08T00:48:39.2726175-05:00  OK     forge.game.card.perpetual.PerpetualPTBoost.md
2026-06-08T00:48:50.1841061-05:00  OK     forge.game.card.perpetual.PerpetualTypes.md
2026-06-08T00:49:02.9465365-05:00  OK     forge.game.card.token.TokenInfo.md
2026-06-08T00:49:15.2394427-05:00  OK     forge.game.card.TokenCreateTable.md
2026-06-08T00:49:28.8792722-05:00  OK     forge.game.CardTraitBase.md
2026-06-08T00:49:41.4943217-05:00  OK     forge.game.CardTraitPredicates.md
2026-06-08T00:49:52.1335852-05:00  OK     forge.game.combat.AttackConstraints.Attack.md
2026-06-08T00:50:05.7802725-05:00  OK     forge.game.combat.AttackConstraints.md
2026-06-08T00:50:18.7939115-05:00  OK     forge.game.combat.AttackingBand.md
2026-06-08T00:50:32.7903267-05:00  OK     forge.game.combat.AttackRequirement.md
2026-06-08T00:50:44.5682345-05:00  OK     forge.game.combat.AttackRestriction.md
2026-06-08T00:50:56.6895359-05:00  OK     forge.game.combat.AttackRestrictionType.md
2026-06-08T00:51:08.4439079-05:00  OK     forge.game.combat.Combat.md
2026-06-08T00:51:19.1636584-05:00  OK     forge.game.combat.CombatLki.md
2026-06-08T00:52:08.7654552-05:00  OK     forge.game.combat.CombatUtil.md
2026-06-08T00:52:21.1896201-05:00  OK     forge.game.combat.CombatView.md
2026-06-08T00:52:32.9381589-05:00  OK     forge.game.combat.GlobalAttackRestrictions.md
2026-06-08T00:52:49.0734317-05:00  OK     forge.game.cost.Cost.md
2026-06-08T00:53:01.3258593-05:00  OK     forge.game.cost.CostAddMana.md
2026-06-08T00:53:15.7893887-05:00  OK     forge.game.cost.CostAdjustment.md
2026-06-08T00:53:27.6958453-05:00  OK     forge.game.cost.CostBehold.md
2026-06-08T00:53:40.1652959-05:00  OK     forge.game.cost.CostBeholdExile.md
2026-06-08T00:53:51.5546956-05:00  OK     forge.game.cost.CostBlight.md
2026-06-08T00:54:03.5473968-05:00  OK     forge.game.cost.CostChooseColor.md
2026-06-08T00:54:15.7387389-05:00  OK     forge.game.cost.CostChooseCreatureType.md
2026-06-08T00:54:28.7842243-05:00  OK     forge.game.cost.CostCollectEvidence.md
2026-06-08T00:54:41.5750948-05:00  OK     forge.game.cost.CostDamage.md
2026-06-08T00:54:53.8494923-05:00  OK     forge.game.cost.CostDecisionMakerBase.md
2026-06-08T00:55:08.0744187-05:00  OK     forge.game.cost.CostDiscard.md
2026-06-08T00:55:19.8730218-05:00  OK     forge.game.cost.CostDraw.md
2026-06-08T00:55:32.6564173-05:00  OK     forge.game.cost.CostEnlist.md
2026-06-08T00:55:45.6063958-05:00  OK     forge.game.cost.CostExert.md
2026-06-08T00:55:58.2269624-05:00  OK     forge.game.cost.CostExile.md
2026-06-08T00:56:10.6074447-05:00  OK     forge.game.cost.CostExiledMoveToGrave.md
2026-06-08T00:56:25.0261207-05:00  OK     forge.game.cost.CostExileFromStack.md
2026-06-08T00:56:36.8044801-05:00  OK     forge.game.cost.CostFlipCoin.md
2026-06-08T00:56:47.5080476-05:00  OK     forge.game.cost.CostForage.md
2026-06-08T00:57:00.5681542-05:00  OK     forge.game.cost.CostGainControl.md
2026-06-08T00:57:13.1725435-05:00  OK     forge.game.cost.CostGainLife.md
2026-06-08T00:57:24.8764910-05:00  OK     forge.game.cost.CostMill.md
2026-06-08T00:57:37.9325652-05:00  OK     forge.game.cost.CostPart.md
2026-06-08T00:57:53.6563303-05:00  OK     forge.game.cost.CostPartMana.md
2026-06-08T00:58:07.4928938-05:00  OK     forge.game.cost.CostPartWithList.md
2026-06-08T00:58:19.1263133-05:00  OK     forge.game.cost.CostPartWithTrigger.md
2026-06-08T00:58:32.8306151-05:00  OK     forge.game.cost.CostPayEnergy.md
2026-06-08T00:58:45.8844148-05:00  OK     forge.game.cost.CostPayLife.md
2026-06-08T00:59:03.5228385-05:00  OK     forge.game.cost.CostPayment.md
2026-06-08T00:59:16.6451314-05:00  OK     forge.game.cost.CostPayShards.md
2026-06-08T00:59:28.3932308-05:00  OK     forge.game.cost.CostPromiseGift.md
2026-06-08T00:59:44.7466087-05:00  OK     forge.game.cost.CostPutCardToLib.md
2026-06-08T00:59:58.6027360-05:00  OK     forge.game.cost.CostPutCounter.md
2026-06-08T01:00:13.0949903-05:00  OK     forge.game.cost.CostRemoveAnyCounter.md
2026-06-08T01:00:26.8671135-05:00  OK     forge.game.cost.CostRemoveCounter.md
2026-06-08T01:00:40.4128649-05:00  OK     forge.game.cost.CostReturn.md
2026-06-08T01:00:52.9509776-05:00  OK     forge.game.cost.CostReveal.md
2026-06-08T01:01:08.3214286-05:00  OK     forge.game.cost.CostRevealChosen.md
2026-06-08T01:01:19.6336842-05:00  OK     forge.game.cost.CostRollDice.md
2026-06-08T01:01:35.3191921-05:00  OK     forge.game.cost.CostSacrifice.md
2026-06-08T01:01:49.4034184-05:00  OK     forge.game.cost.CostTap.md
2026-06-08T01:02:04.0228808-05:00  OK     forge.game.cost.CostTapType.md
2026-06-08T01:02:18.6512182-05:00  OK     forge.game.cost.CostUnattach.md
2026-06-08T01:02:31.7906474-05:00  OK     forge.game.cost.CostUntap.md
2026-06-08T01:02:45.7537379-05:00  OK     forge.game.cost.CostUntapType.md
2026-06-08T01:02:56.5253866-05:00  OK     forge.game.cost.CostWaterbend.md
2026-06-08T01:03:07.7315245-05:00  OK     forge.game.cost.ICostVisitor.Base.md
2026-06-08T01:03:27.3345772-05:00  OK     forge.game.cost.ICostVisitor.md
2026-06-08T01:03:39.0262579-05:00  OK     forge.game.cost.IndividualCostPaymentInstance.md
2026-06-08T01:03:55.9118528-05:00  OK     forge.game.cost.PaymentDecision.md
2026-06-08T01:04:07.6603625-05:00  OK     forge.game.Direction.md
2026-06-08T01:04:18.2469619-05:00  OK     forge.game.EvenOdd.md
2026-06-08T01:04:30.7610927-05:00  OK     forge.game.event.Event.md
2026-06-08T01:04:42.1904135-05:00  OK     forge.game.event.EventValueChangeType.md
2026-06-08T01:04:54.9534084-05:00  OK     forge.game.event.GameEvent.md
2026-06-08T01:05:05.8509754-05:00  OK     forge.game.event.GameEventAddLog.md
2026-06-08T01:05:17.8881953-05:00  OK     forge.game.event.GameEventAnteCardsSelected.md
2026-06-08T01:05:29.4512025-05:00  OK     forge.game.event.GameEventAttackersDeclared.md
2026-06-08T01:05:41.9698971-05:00  OK     forge.game.event.GameEventBlockersDeclared.md
2026-06-08T01:05:52.7938776-05:00  OK     forge.game.event.GameEventCardAttachment.md
2026-06-08T01:06:04.1455311-05:00  OK     forge.game.event.GameEventCardChangeZone.md
2026-06-08T01:06:15.3962205-05:00  OK     forge.game.event.GameEventCardCounters.md
2026-06-08T01:06:27.4308546-05:00  OK     forge.game.event.GameEventCardDamaged.DamageType.md
2026-06-08T01:06:38.8270525-05:00  OK     forge.game.event.GameEventCardDamaged.md
2026-06-08T01:06:51.6340501-05:00  OK     forge.game.event.GameEventCardDestroyed.md
2026-06-08T01:07:04.9347966-05:00  OK     forge.game.event.GameEventCardForetold.md
2026-06-08T01:07:15.3995788-05:00  OK     forge.game.event.GameEventCardModeChosen.md
2026-06-08T01:07:28.2755808-05:00  OK     forge.game.event.GameEventCardPhased.md
2026-06-08T01:07:40.2696308-05:00  OK     forge.game.event.GameEventCardPlotted.md
2026-06-08T01:07:51.6805472-05:00  OK     forge.game.event.GameEventCardRegenerated.md
2026-06-08T01:08:00.9348765-05:00  OK     forge.game.event.GameEventCardSacrificed.md
2026-06-08T01:08:13.4557832-05:00  OK     forge.game.event.GameEventCardStatsChanged.md
2026-06-08T01:08:24.5819667-05:00  OK     forge.game.event.GameEventCardTapped.md
2026-06-08T01:08:38.4546772-05:00  OK     forge.game.event.GameEventCombatChanged.md
2026-06-08T01:08:49.5180757-05:00  OK     forge.game.event.GameEventCombatEnded.md
2026-06-08T01:09:00.9024090-05:00  OK     forge.game.event.GameEventCombatUpdate.md
2026-06-08T01:09:13.2663370-05:00  OK     forge.game.event.GameEventDayTimeChanged.md
2026-06-08T01:09:24.9712120-05:00  OK     forge.game.event.GameEventDoorChanged.md
2026-06-08T01:09:34.6894611-05:00  OK     forge.game.event.GameEventFlipCoin.md
2026-06-08T01:09:45.4400895-05:00  OK     forge.game.event.GameEventGameFinished.md
2026-06-08T01:09:57.5808020-05:00  OK     forge.game.event.GameEventGameOutcome.md
2026-06-08T01:10:08.7046459-05:00  OK     forge.game.event.GameEventGameRestarted.md
2026-06-08T01:10:22.0805275-05:00  OK     forge.game.event.GameEventGameStarted.md
2026-06-08T01:10:34.0645005-05:00  OK     forge.game.event.GameEventLandPlayed.md
2026-06-08T01:10:48.4593996-05:00  OK     forge.game.event.GameEventManaBurn.md
2026-06-08T01:11:01.9207892-05:00  OK     forge.game.event.GameEventManaPool.md
2026-06-08T01:11:12.5220208-05:00  OK     forge.game.event.GameEventMulligan.md
2026-06-08T01:11:24.4845824-05:00  OK     forge.game.event.GameEventPlayerControl.md
2026-06-08T01:11:34.6334488-05:00  OK     forge.game.event.GameEventPlayerCounters.md
2026-06-08T01:11:50.6874263-05:00  OK     forge.game.event.GameEventPlayerDamaged.md
2026-06-08T01:12:01.0459126-05:00  OK     forge.game.event.GameEventPlayerLivesChanged.md
2026-06-08T01:12:13.8178204-05:00  OK     forge.game.event.GameEventPlayerPoisoned.md
2026-06-08T01:12:26.3122118-05:00  OK     forge.game.event.GameEventPlayerPriority.md
2026-06-08T01:12:37.1084693-05:00  OK     forge.game.event.GameEventPlayerRadiation.md
2026-06-08T01:12:48.2829942-05:00  OK     forge.game.event.GameEventPlayerShardsChanged.md
2026-06-08T01:12:59.9945183-05:00  OK     forge.game.event.GameEventPlayerStatsChanged.md
2026-06-08T01:13:10.7410976-05:00  OK     forge.game.event.GameEventRandomLog.md
2026-06-08T01:13:21.9691866-05:00  OK     forge.game.event.GameEventRollDie.md
2026-06-08T01:13:31.6990421-05:00  OK     forge.game.event.GameEventScry.md
2026-06-08T01:13:41.8566593-05:00  OK     forge.game.event.GameEventShuffle.md
2026-06-08T01:13:52.6584775-05:00  OK     forge.game.event.GameEventSnapshotRestored.md
2026-06-08T01:14:03.1156480-05:00  OK     forge.game.event.GameEventSpeedChanged.md
2026-06-08T01:14:15.5392642-05:00  OK     forge.game.event.GameEventSpellAbilityCast.md
2026-06-08T01:14:26.2388901-05:00  OK     forge.game.event.GameEventSpellRemovedFromStack.md
2026-06-08T01:14:37.8788117-05:00  OK     forge.game.event.GameEventSpellResolved.md
2026-06-08T01:14:49.5434939-05:00  OK     forge.game.event.GameEventSprocketUpdate.md
2026-06-08T01:15:00.8887322-05:00  OK     forge.game.event.GameEventSubgameEnd.md
2026-06-08T01:15:36.3380309-05:00  OK     forge.game.event.GameEventSubgameStart.md
2026-06-08T01:15:47.1897027-05:00  OK     forge.game.event.GameEventSurveil.md
2026-06-08T01:15:58.8734455-05:00  OK     forge.game.event.GameEventTokenCreated.md
2026-06-08T01:16:10.5210714-05:00  OK     forge.game.event.GameEventTurnBegan.md
2026-06-08T01:16:20.4790801-05:00  OK     forge.game.event.GameEventTurnEnded.md
2026-06-08T01:16:31.3496629-05:00  OK     forge.game.event.GameEventTurnPhase.md
2026-06-08T01:16:43.1308874-05:00  OK     forge.game.event.GameEventZone.md
2026-06-08T01:16:55.2975240-05:00  OK     forge.game.event.IGameEventVisitor.Base.md
2026-06-08T01:17:08.9620025-05:00  OK     forge.game.event.IGameEventVisitor.md
2026-06-08T01:17:20.8117503-05:00  OK     forge.game.extrahands.BackupPlanService.md
2026-06-08T01:17:33.7142969-05:00  OK     forge.game.ForgeScript.md
2026-06-08T01:17:43.4825059-05:00  OK     forge.game.Game.CardIdVisitor.md
2026-06-08T01:17:53.8753611-05:00  OK     forge.game.Game.CardStateVisitor.md
2026-06-08T01:18:07.5255351-05:00  OK     forge.game.Game.md
2026-06-08T01:18:20.9164665-05:00  OK     forge.game.GameAction.md
2026-06-08T01:18:33.1764432-05:00  OK     forge.game.GameActionUtil.md
2026-06-08T01:18:40.2757709-05:00  OK     forge.game.GameEndReason.md
2026-06-08T01:18:53.8058251-05:00  OK     forge.game.GameEntity.md
2026-06-08T01:19:05.3190292-05:00  OK     forge.game.GameEntityCache.md
2026-06-08T01:19:17.3146212-05:00  OK     forge.game.GameEntityCounterTable.md
2026-06-08T01:19:28.5428382-05:00  OK     forge.game.GameEntityView.md
2026-06-08T01:19:43.6001571-05:00  OK     forge.game.GameEntityViewMap.md
2026-06-08T01:19:55.5635938-05:00  OK     forge.game.GameFormat.Collection.md
2026-06-08T01:20:10.9116967-05:00  OK     forge.game.GameFormat.FormatSubType.md
2026-06-08T01:20:21.9152409-05:00  OK     forge.game.GameFormat.FormatType.md
2026-06-08T01:20:31.5534896-05:00  OK     forge.game.GameFormat.InverseDateComparator.md
2026-06-08T01:20:43.9950877-05:00  OK     forge.game.GameFormat.md
2026-06-08T01:21:01.5879362-05:00  OK     forge.game.GameFormat.Reader.md
2026-06-08T01:21:12.8627471-05:00  OK     forge.game.GameLog.md
2026-06-08T01:21:21.9809595-05:00  OK     forge.game.GameLogEntry.md
2026-06-08T01:21:32.8690790-05:00  OK     forge.game.GameLogEntryType.md
2026-06-08T01:21:44.7712949-05:00  OK     forge.game.GameLogFormatter.md
2026-06-08T01:21:56.7985620-05:00  OK     forge.game.GameLogVerbosity.md
2026-06-08T01:22:08.0833033-05:00  OK     forge.game.GameObject.md
2026-06-08T01:22:19.6267316-05:00  OK     forge.game.GameObjectPredicates.md
2026-06-08T01:22:31.7480048-05:00  OK     forge.game.GameOutcome.AnteResult.md
2026-06-08T01:22:44.8433826-05:00  OK     forge.game.GameOutcome.md
2026-06-08T01:22:58.0146558-05:00  OK     forge.game.GameRules.md
2026-06-08T01:23:11.3533577-05:00  OK     forge.game.GameSnapshot.md
2026-06-08T01:23:24.2174607-05:00  OK     forge.game.GameSnapshot.SnapshotEntityMap.md
2026-06-08T01:23:35.2976852-05:00  OK     forge.game.GameSnapshot.UnorderedEntities.md
2026-06-08T01:23:44.8558632-05:00  OK     forge.game.GameStage.md
2026-06-08T01:23:57.8355790-05:00  OK     forge.game.GameType.md
2026-06-08T01:24:11.3078435-05:00  OK     forge.game.GameView.md
2026-06-08T01:24:22.3284135-05:00  OK     forge.game.IEntityMap.md
2026-06-08T01:24:27.4907750-05:00  STOP(limit)  forge.game.IHasGameType.md
2026-06-08T10:02:20.1415317-05:00  OK     forge.ai.ability.ProtectAllAi.md
2026-06-08T10:02:34.2421198-05:00  OK     forge.ai.ability.PumpAi.md
2026-06-08T10:02:50.4706236-05:00  OK     forge.ai.ability.PumpAiBase.md
2026-06-08T10:03:07.7586314-05:00  OK     forge.ai.ability.PumpAllAi.md
2026-06-08T10:03:24.4862986-05:00  OK     forge.ai.ability.RearrangeTopOfLibraryAi.md
2026-06-08T10:03:41.0057164-05:00  OK     forge.ai.ability.RegenerateAi.md
2026-06-08T10:03:57.3605610-05:00  OK     forge.ai.ability.RemoveFromCombatAi.md
2026-06-08T10:04:13.6353506-05:00  OK     forge.ai.ability.RepeatAi.md
2026-06-08T10:04:33.9485422-05:00  OK     forge.ai.ability.RepeatEachAi.md
2026-06-08T10:04:50.2670494-05:00  OK     forge.ai.ability.ReplaceDamageAi.md
2026-06-08T10:05:04.4689830-05:00  OK     forge.ai.ability.RestartGameAi.md
2026-06-08T10:05:21.6182051-05:00  OK     forge.ai.ability.RevealAiBase.md
2026-06-08T10:05:39.2400253-05:00  OK     forge.ai.ability.RevealHandAi.md
2026-06-08T10:05:58.6495427-05:00  OK     forge.ai.ability.RollDiceAi.md
2026-06-08T10:06:28.3547270-05:00  OK     forge.ai.ability.SacrificeAllAi.md
2026-06-08T10:18:14.5811038-05:00  OK     forge.ai.ability.AdvanceCrankAi.md
2026-06-08T10:18:29.4944887-05:00  OK     forge.ai.ability.AttachAi.md
2026-06-08T10:18:43.1372568-05:00  OK     forge.ai.ability.ChooseTypeAi.md
2026-06-08T10:19:58.7395804-05:00  OK     forge.ai.ability.ClashAi.md
2026-06-08T10:56:29.9126286-05:00  OK     forge.ai.ability.CloakAi.md
2026-06-08T10:56:44.7887544-05:00  OK     forge.ai.ability.CloneAi.md
2026-06-08T10:57:04.1695983-05:00  OK     forge.ai.ability.ControlGainAi.md
2026-06-08T10:57:19.6509352-05:00  OK     forge.ai.ability.CounterAi.md
2026-06-08T10:57:42.3253292-05:00  OK     forge.ai.ability.CountersAi.md
2026-06-08T10:57:58.0538728-05:00  OK     forge.ai.ability.CountersMoveAi.md
2026-06-08T10:58:11.1131583-05:00  OK     forge.ai.ability.CountersMultiplyAi.md
2026-06-08T10:58:23.8352168-05:00  OK     forge.ai.ability.CountersProliferateAi.md
2026-06-08T10:58:39.1152966-05:00  OK     forge.ai.ability.CountersPutAi.md
2026-06-08T10:58:58.7592473-05:00  OK     forge.ai.ability.CountersPutAllAi.md
2026-06-08T10:59:29.5792483-05:00  OK     forge.ai.ability.ProtectAllAi.md
2026-06-08T10:59:43.5790079-05:00  OK     forge.ai.ability.PumpAi.md
2026-06-08T10:59:57.1036625-05:00  OK     forge.ai.ability.PumpAiBase.md
2026-06-08T11:00:11.0592743-05:00  OK     forge.ai.ability.PumpAllAi.md
2026-06-08T11:00:25.0319706-05:00  OK     forge.ai.ability.RearrangeTopOfLibraryAi.md
2026-06-08T11:00:38.8886079-05:00  OK     forge.ai.ability.RegenerateAi.md
2026-06-08T11:00:53.0532689-05:00  OK     forge.ai.ability.RemoveFromCombatAi.md
2026-06-08T11:01:07.2835667-05:00  OK     forge.ai.ability.RepeatAi.md
2026-06-08T11:01:20.7657718-05:00  OK     forge.ai.ability.RepeatEachAi.md
2026-06-08T11:01:34.4996821-05:00  OK     forge.ai.ability.ReplaceDamageAi.md
2026-06-08T11:01:47.0089712-05:00  OK     forge.ai.ability.RestartGameAi.md
2026-06-08T11:02:02.5304598-05:00  OK     forge.ai.ability.RevealAiBase.md
2026-06-08T11:02:14.3428767-05:00  OK     forge.ai.ability.RevealHandAi.md
2026-06-08T11:02:27.9886231-05:00  OK     forge.ai.ability.RollDiceAi.md
2026-06-08T11:02:41.4655778-05:00  OK     forge.ai.ability.SacrificeAllAi.md
2026-06-08T11:02:52.8012135-05:00  OK     forge.ai.ability.ScryAi.md
2026-06-08T11:03:05.4806608-05:00  OK     forge.ai.ability.SetStateAi.md
2026-06-08T11:03:17.2024105-05:00  OK     forge.ai.ability.SkipTurnAi.md
2026-06-08T11:03:28.6982594-05:00  OK     forge.ai.ability.TapAi.md
2026-06-08T11:03:41.5543554-05:00  OK     forge.ai.ability.TapAllAi.md
2026-06-08T11:03:55.7957971-05:00  OK     forge.ai.ability.TapOrUntapAi.md
2026-06-08T11:04:09.4241322-05:00  OK     forge.ai.ability.TimeTravelAi.md
2026-06-08T11:04:22.9718530-05:00  OK     forge.ai.ability.TokenAi.md
2026-06-08T11:04:36.4294413-05:00  OK     forge.ai.ability.TwoPilesAi.md
2026-06-08T11:04:50.4383434-05:00  OK     forge.ai.ability.UnattachAi.md
2026-06-08T11:05:04.7371328-05:00  OK     forge.ai.ability.UntapAi.md
2026-06-08T11:05:15.5412666-05:00  OK     forge.ai.ability.UntapAllAi.md
2026-06-08T11:05:28.4692482-05:00  OK     forge.ai.ability.VentureAi.md
2026-06-08T11:05:40.3209047-05:00  OK     forge.ai.ability.VoteAi.md
2026-06-08T11:05:52.3474261-05:00  OK     forge.ai.ability.ZoneExchangeAi.md
2026-06-08T11:06:04.0332794-05:00  OK     forge.ai.AiAbilityDecision.md
2026-06-08T11:06:19.9410099-05:00  OK     forge.ai.AiAttackController.md
2026-06-08T11:06:33.3870930-05:00  OK     forge.ai.AiBlockController.md
2026-06-08T11:06:46.8216537-05:00  OK     forge.ai.AiCache.md
2026-06-08T11:07:00.1996041-05:00  OK     forge.ai.AiCardMemory.md
2026-06-08T11:07:14.2068732-05:00  OK     forge.ai.AiController.md
2026-06-08T11:07:26.5146142-05:00  OK     forge.ai.AiCostDecision.md
2026-06-08T11:07:38.9500842-05:00  OK     forge.ai.AiDeckStatistics.md
2026-06-08T11:07:59.3744280-05:00  OK     forge.ai.AIOption.md
2026-06-08T11:08:11.8322965-05:00  OK     forge.ai.AiPlayDecision.md
2026-06-08T11:08:26.1615320-05:00  OK     forge.ai.AiPlayerPredicates.md
2026-06-08T11:08:37.1665732-05:00  OK     forge.ai.AiProfileUtil.md
2026-06-08T11:08:49.4418524-05:00  OK     forge.ai.AiProps.md
2026-06-08T11:09:02.6302668-05:00  OK     forge.ai.AvailableActions.md
2026-06-08T11:09:51.9796221-05:00  OK     forge.ai.ComputerUtil.md
2026-06-08T11:10:16.1290033-05:00  OK     forge.ai.ComputerUtilAbility.md
2026-06-08T11:10:27.7777054-05:00  OK     forge.ai.ComputerUtilCard.md
2026-06-08T11:10:40.4076984-05:00  OK     forge.ai.ComputerUtilCombat.md
2026-06-08T11:10:53.6633371-05:00  OK     forge.ai.ComputerUtilCost.md
2026-06-08T11:11:09.5039075-05:00  OK     forge.ai.ComputerUtilMana.md
2026-06-08T11:11:20.6810560-05:00  OK     forge.ai.CreatureEvaluator.md
2026-06-08T11:11:36.4919698-05:00  OK     forge.ai.GameState.md
2026-06-08T11:11:49.5930915-05:00  OK     forge.ai.LobbyPlayerAi.md
2026-06-08T11:12:01.9113669-05:00  OK     forge.ai.PlayerControllerAi.md
2026-06-08T11:12:14.1457314-05:00  OK     forge.ai.simulation.GameCopier.md
2026-06-08T11:12:28.2255334-05:00  OK     forge.ai.simulation.GameSimulator.md
2026-06-08T11:12:34.6962693-05:00  OK     forge.ai.simulation.GameStateEvaluator.md
2026-06-08T11:12:45.8567493-05:00  OK     forge.ai.simulation.MultiTargetSelector.md
2026-06-08T11:12:57.4484090-05:00  OK     forge.ai.simulation.Plan.md
2026-06-08T11:13:15.6303690-05:00  OK     forge.ai.simulation.PossibleTargetSelector.md
2026-06-08T11:13:27.1702465-05:00  OK     forge.ai.simulation.SimulationController.md
2026-06-08T11:13:40.2755666-05:00  OK     forge.ai.simulation.SpellAbilityChoicesIterator.md
2026-06-08T11:14:00.9779980-05:00  OK     forge.ai.simulation.SpellAbilityPicker.md
2026-06-08T11:14:27.6560410-05:00  OK     forge.ai.SpecialAiLogic.md
2026-06-08T11:14:39.8256848-05:00  OK     forge.ai.SpecialCardAi.md
2026-06-08T11:14:51.9188019-05:00  OK     forge.ai.SpellAbilityAi.md
2026-06-08T11:15:04.5885136-05:00  OK     forge.ai.SpellApiToAi.md
2026-06-08T11:15:17.9717162-05:00  OK     forge.card.CardAiHints.md
2026-06-08T11:15:30.8386113-05:00  OK     forge.card.CardChangedType.md
2026-06-08T11:15:42.9406003-05:00  OK     forge.card.CardDb.md
2026-06-08T11:15:58.1369801-05:00  OK     forge.card.CardEdition.md
2026-06-08T11:16:10.7072885-05:00  OK     forge.card.CardFace.md
2026-06-08T11:16:26.0452479-05:00  OK     forge.card.CardFacePredicates.md
2026-06-08T11:16:39.2932640-05:00  OK     forge.card.CardRarity.md
2026-06-08T11:16:57.7696460-05:00  OK     forge.card.CardRules.md
2026-06-08T11:17:16.2179899-05:00  OK     forge.card.CardRulesPredicates.md
2026-06-08T11:17:27.3407887-05:00  OK     forge.card.CardSplitType.md
2026-06-08T11:17:39.0166420-05:00  OK     forge.card.CardStateName.md
2026-06-08T11:17:52.1722583-05:00  OK     forge.card.CardTypeView.md
2026-06-08T11:18:05.4779726-05:00  OK     forge.card.ColorSet.md
2026-06-08T11:18:17.6228000-05:00  OK     forge.card.DeckHints.md
2026-06-08T11:18:30.8741177-05:00  OK     forge.card.DraftOptions.md
2026-06-08T11:18:43.0085602-05:00  OK     forge.card.GamePieceType.md
2026-06-08T11:18:56.5365135-05:00  OK     forge.card.ICardChangedType.md
2026-06-08T11:19:12.2968982-05:00  OK     forge.card.ICardCharacteristics.md
2026-06-08T11:19:23.6313320-05:00  OK     forge.card.ICardDatabase.md
2026-06-08T11:19:35.6917187-05:00  OK     forge.card.ICardFace.md
2026-06-08T11:19:46.2489955-05:00  OK     forge.card.ICardRawAbilites.md
2026-06-08T11:19:58.6789083-05:00  OK     forge.card.MagicColor.md
2026-06-08T11:20:11.3863212-05:00  OK     forge.card.mana.IParserManaCost.md
2026-06-08T11:20:24.0678297-05:00  OK     forge.card.mana.ManaAtom.md
2026-06-08T11:20:35.9753960-05:00  OK     forge.card.mana.ManaCost.md
2026-06-08T11:20:50.1260793-05:00  OK     forge.card.mana.ManaCostParser.md
2026-06-08T11:21:03.4944907-05:00  OK     forge.card.mana.ManaCostShard.md
2026-06-08T11:21:17.9178143-05:00  OK     forge.card.PrintSheet.md
2026-06-08T11:21:41.0895137-05:00  OK     forge.card.RemoveType.md
2026-06-08T11:21:52.3173772-05:00  OK     forge.card.StateChangedType.md
2026-06-08T11:22:03.1361231-05:00  OK     forge.card.WordChangedType.md
2026-06-08T11:22:15.1234888-05:00  OK     forge.CardStorageReader.md
2026-06-08T11:22:27.5302352-05:00  OK     forge.deck.CardPool.md
2026-06-08T11:22:41.5092921-05:00  OK     forge.deck.Deck.md
2026-06-08T11:22:53.4728456-05:00  OK     forge.deck.DeckBase.md
2026-06-08T11:23:06.1049187-05:00  OK     forge.deck.DeckFormat.md
2026-06-08T11:23:22.0867570-05:00  OK     forge.deck.DeckGroup.md
2026-06-08T11:23:36.6779185-05:00  OK     forge.deck.DeckRecognizer.md
2026-06-08T11:23:49.8549557-05:00  OK     forge.deck.DeckSection.md
2026-06-08T11:24:02.3334945-05:00  OK     forge.deck.generation.DeckGenerator2Color.md
2026-06-08T11:24:15.9644161-05:00  OK     forge.deck.generation.DeckGenerator3Color.md
2026-06-08T11:24:30.2963308-05:00  OK     forge.deck.generation.DeckGenerator4Color.md
2026-06-08T11:24:42.7564232-05:00  OK     forge.deck.generation.DeckGenerator5Color.md
2026-06-08T11:24:58.8977585-05:00  OK     forge.deck.generation.DeckGeneratorBase.md
2026-06-08T11:25:12.4261747-05:00  OK     forge.deck.generation.DeckGeneratorMonoColor.md
2026-06-08T11:25:23.1648263-05:00  OK     forge.deck.generation.DeckGenPool.md
2026-06-08T11:25:35.6667048-05:00  OK     forge.deck.generation.IDeckGenPool.md
2026-06-08T11:25:47.8954451-05:00  OK     forge.deck.io.DeckFileHeader.md
2026-06-08T11:26:01.8896995-05:00  OK     forge.deck.io.DeckGroupSerializer.md
2026-06-08T11:26:13.1979979-05:00  OK     forge.deck.io.DeckSerializer.md
2026-06-08T11:26:26.2232145-05:00  OK     forge.deck.io.DeckStorage.md
2026-06-08T11:26:39.7096736-05:00  OK     forge.FTrace.md
2026-06-08T11:26:50.3804904-05:00  OK     forge.game.ability.AbilityApiBased.md
2026-06-08T11:27:03.3327553-05:00  OK     forge.game.ability.AbilityFactory.md
2026-06-08T11:27:15.4808733-05:00  OK     forge.game.ability.AbilityKey.md
2026-06-08T11:27:30.4702986-05:00  OK     forge.game.ability.AbilityUtils.md
2026-06-08T11:27:43.2795928-05:00  OK     forge.game.ability.ApiType.md
2026-06-08T11:27:57.5971352-05:00  OK     forge.game.ability.effects.AbandonEffect.md
2026-06-08T11:28:08.9842373-05:00  OK     forge.game.ability.effects.ActivateAbilityEffect.md
2026-06-08T11:28:22.6780688-05:00  OK     forge.game.ability.effects.AddPhaseEffect.md
2026-06-08T11:28:34.6243792-05:00  OK     forge.game.ability.effects.AddTurnEffect.md
2026-06-08T11:28:50.7892095-05:00  OK     forge.game.ability.effects.AdvanceCrankEffect.md
2026-06-08T11:29:24.8465403-05:00  OK     forge.game.ability.effects.AirbendEffect.md
2026-06-08T11:29:36.2435201-05:00  OK     forge.game.ability.effects.AlterAttributeEffect.md
2026-06-08T11:29:50.9673888-05:00  OK     forge.game.ability.effects.AmassEffect.md
2026-06-08T11:30:04.1047725-05:00  OK     forge.game.ability.effects.AnimateAllEffect.md
2026-06-08T11:30:21.2818251-05:00  OK     forge.game.ability.effects.AnimateEffect.md
2026-06-08T11:30:36.5379238-05:00  OK     forge.game.ability.effects.AnimateEffectBase.md
2026-06-08T11:30:50.0140638-05:00  OK     forge.game.ability.effects.AscendEffect.md
2026-06-08T11:31:02.9725736-05:00  OK     forge.game.ability.effects.AssembleContraptionEffect.md
2026-06-08T11:31:16.4922570-05:00  OK     forge.game.ability.effects.AssignGroupEffect.md
2026-06-08T11:31:28.7196867-05:00  OK     forge.game.ability.effects.AttachEffect.md
2026-06-08T11:31:41.1124308-05:00  OK     forge.game.ability.effects.BalanceEffect.md
2026-06-08T11:31:55.2183730-05:00  OK     forge.game.ability.effects.BecomeMonarchEffect.md
2026-06-08T11:32:08.7367054-05:00  OK     forge.game.ability.effects.BecomesBlockedEffect.md
2026-06-08T11:32:23.2357955-05:00  OK     forge.game.ability.effects.BidLifeEffect.md
2026-06-08T11:32:36.8223366-05:00  OK     forge.game.ability.effects.BlankLineEffect.md
2026-06-08T11:32:50.8986094-05:00  OK     forge.game.ability.effects.BlightEffect.md
2026-06-08T11:33:06.9904469-05:00  OK     forge.game.ability.effects.BondEffect.md
2026-06-08T11:33:19.1148605-05:00  OK     forge.game.ability.effects.BranchEffect.md
2026-06-08T11:33:31.5938129-05:00  OK     forge.game.ability.effects.CamouflageEffect.md
2026-06-08T11:33:44.8235821-05:00  OK     forge.game.ability.effects.ChangeCombatantsEffect.md
2026-06-08T11:33:55.6635875-05:00  OK     forge.game.ability.effects.ChangeTargetsEffect.md
2026-06-08T11:34:07.1429811-05:00  OK     forge.game.ability.effects.ChangeTextEffect.md
2026-06-08T11:34:18.8918032-05:00  OK     forge.game.ability.effects.ChangeXEffect.md
2026-06-08T11:34:34.6228468-05:00  OK     forge.game.ability.effects.ChangeZoneAllEffect.md
2026-06-08T11:34:49.8124450-05:00  OK     forge.game.ability.effects.ChangeZoneEffect.md
2026-06-08T11:35:02.3023064-05:00  OK     forge.game.ability.effects.ChangeZoneResolveEffect.md
2026-06-08T11:35:18.6333697-05:00  OK     forge.game.ability.effects.ChaosEnsuesEffect.md
2026-06-08T11:35:33.3007806-05:00  OK     forge.game.ability.effects.CharmEffect.md
2026-06-08T11:35:48.5422536-05:00  OK     forge.game.ability.effects.ChooseCardEffect.md
2026-06-08T11:36:00.4011903-05:00  OK     forge.game.ability.effects.ChooseCardNameEffect.md
2026-06-08T11:36:12.9580710-05:00  OK     forge.game.ability.effects.ChooseColorEffect.md
2026-06-08T11:36:24.6470352-05:00  OK     forge.game.ability.effects.ChooseDirectionEffect.md
2026-06-08T11:36:36.7129145-05:00  OK     forge.game.ability.effects.ChooseEvenOddEffect.md
2026-06-08T11:36:51.4586155-05:00  OK     forge.game.ability.effects.ChooseGenericEffect.md
2026-06-08T11:37:05.1617489-05:00  OK     forge.game.ability.effects.ChooseNumberEffect.md
2026-06-08T11:37:17.9703382-05:00  OK     forge.game.ability.effects.ChoosePlayerEffect.md
2026-06-08T11:37:27.7121460-05:00  OK     forge.game.ability.effects.ChooseSectorEffect.md
2026-06-08T11:37:42.1603911-05:00  OK     forge.game.ability.effects.ChooseSourceEffect.md
2026-06-08T11:37:57.6427179-05:00  OK     forge.game.ability.effects.ChooseTypeEffect.md
2026-06-08T11:38:18.9849530-05:00  OK     forge.game.ability.effects.ClaimThePrizeEffect.md
2026-06-08T11:38:34.5732472-05:00  OK     forge.game.ability.effects.ClashEffect.md
2026-06-08T11:38:46.3170977-05:00  OK     forge.game.ability.effects.ClassLevelUpEffect.md
2026-06-08T11:39:03.7607019-05:00  OK     forge.game.ability.effects.CleanUpEffect.md
2026-06-08T11:39:15.3952062-05:00  OK     forge.game.ability.effects.CloakEffect.md
2026-06-08T11:39:28.3702016-05:00  OK     forge.game.ability.effects.CloneEffect.md
2026-06-08T11:39:42.2172067-05:00  OK     forge.game.ability.effects.ConniveEffect.md
2026-06-08T11:39:55.6180523-05:00  OK     forge.game.ability.effects.ControlExchangeEffect.md
2026-06-08T11:40:08.7090465-05:00  OK     forge.game.ability.effects.ControlExchangeVariantEffect.md
2026-06-08T11:40:23.9479476-05:00  OK     forge.game.ability.effects.ControlGainEffect.md
2026-06-08T11:40:37.8422185-05:00  OK     forge.game.ability.effects.ControlGainVariantEffect.md
2026-06-08T11:40:51.5072069-05:00  OK     forge.game.ability.effects.ControlPlayerEffect.md
2026-06-08T11:41:05.5102319-05:00  OK     forge.game.ability.effects.ControlSpellEffect.md
2026-06-08T11:41:18.8439788-05:00  OK     forge.game.ability.effects.CopyPermanentEffect.md
2026-06-08T11:41:33.5758256-05:00  OK     forge.game.ability.effects.CopySpellAbilityEffect.md
2026-06-08T11:41:44.9023754-05:00  OK     forge.game.ability.effects.CounterEffect.md
2026-06-08T11:41:59.0027593-05:00  OK     forge.game.ability.effects.CountersMoveEffect.md
2026-06-08T11:42:12.2389000-05:00  OK     forge.game.ability.effects.CountersMultiplyEffect.md
2026-06-08T11:42:24.0788321-05:00  OK     forge.game.ability.effects.CountersNoteEffect.md
2026-06-08T11:42:39.4587980-05:00  OK     forge.game.ability.effects.CountersProliferateEffect.md
2026-06-08T11:42:52.2072861-05:00  OK     forge.game.ability.effects.CountersPutAllEffect.md
2026-06-08T11:43:05.5405734-05:00  OK     forge.game.ability.effects.CountersPutEffect.md
2026-06-08T11:43:18.8694943-05:00  OK     forge.game.ability.effects.CountersPutOrRemoveEffect.md
2026-06-08T11:43:29.6604384-05:00  OK     forge.game.ability.effects.CountersRemoveAllEffect.md
2026-06-08T11:43:43.3401516-05:00  OK     forge.game.ability.effects.CountersRemoveEffect.md
2026-06-08T11:44:02.6256845-05:00  OK     forge.game.ability.effects.DamageAllEffect.md
2026-06-08T11:44:26.3988140-05:00  OK     forge.game.ability.effects.DamageBaseEffect.md
2026-06-08T11:44:39.5961316-05:00  OK     forge.game.ability.effects.DamageDealEffect.md
2026-06-08T11:44:54.5055455-05:00  OK     forge.game.ability.effects.DamageEachEffect.md
2026-06-08T11:45:07.5132866-05:00  OK     forge.game.ability.effects.DamageResolveEffect.md
2026-06-08T11:45:19.1865967-05:00  OK     forge.game.ability.effects.DayTimeEffect.md
2026-06-08T11:45:32.4178302-05:00  OK     forge.game.ability.effects.DigEffect.md
2026-06-08T11:45:46.2599764-05:00  OK     forge.game.ability.effects.DigUntilEffect.md
2026-06-08T11:45:58.6534621-05:00  OK     forge.game.ability.effects.DiscardEffect.md
2026-06-08T11:46:14.5901131-05:00  OK     forge.game.ability.effects.DiscoverEffect.md
2026-06-08T11:46:29.9420713-05:00  OK     forge.game.ability.effects.DraftEffect.md
2026-06-08T11:46:41.0083713-05:00  OK     forge.game.ability.effects.DrainManaEffect.md
2026-06-08T11:46:53.6910506-05:00  OK     forge.game.ability.effects.DrawEffect.md
2026-06-08T11:47:06.7408294-05:00  OK     forge.game.ability.effects.EffectEffect.md
2026-06-08T11:47:21.1653503-05:00  OK     forge.game.ability.effects.EndCombatPhaseEffect.md
2026-06-08T11:47:37.6719514-05:00  OK     forge.game.ability.effects.EndTurnEffect.md
2026-06-08T11:47:50.6643794-05:00  OK     forge.game.ability.effects.EndureEffect.md
2026-06-08T11:48:03.7346262-05:00  OK     forge.game.ability.effects.ExploreEffect.md
2026-06-08T11:48:15.5007353-05:00  OK     forge.game.ability.effects.FightEffect.md
2026-06-08T11:48:26.4898548-05:00  OK     forge.game.ability.effects.FlipCoinEffect.md
2026-06-08T11:48:39.2572882-05:00  OK     forge.game.ability.effects.FogEffect.md
2026-06-08T11:48:51.1078346-05:00  OK     forge.game.ability.effects.GameDrawEffect.md
2026-06-08T11:49:04.5939232-05:00  OK     forge.game.ability.effects.GameLossEffect.md
2026-06-08T11:49:17.3868696-05:00  OK     forge.game.ability.effects.GameWinEffect.md
2026-06-08T11:49:30.0485651-05:00  OK     forge.game.ability.effects.GoadEffect.md
2026-06-08T11:49:43.0491616-05:00  OK     forge.game.ability.effects.HauntEffect.md
2026-06-08T11:49:54.1763924-05:00  OK     forge.game.ability.effects.HeistEffect.md
2026-06-08T11:50:06.1743138-05:00  OK     forge.game.ability.effects.ImmediateTriggerEffect.md
2026-06-08T11:50:18.3958965-05:00  OK     forge.game.ability.effects.IncubateEffect.md
2026-06-08T11:50:34.3754484-05:00  OK     forge.game.ability.effects.IntensifyEffect.md
2026-06-08T11:50:49.2532126-05:00  OK     forge.game.ability.effects.InternalRadiationEffect.md
2026-06-08T11:51:00.8553973-05:00  OK     forge.game.ability.effects.InvestigateEffect.md
2026-06-08T11:51:16.4934260-05:00  OK     forge.game.ability.effects.LearnEffect.md
2026-06-08T11:51:28.4650549-05:00  OK     forge.game.ability.effects.LifeExchangeEffect.md
2026-06-08T11:51:41.0381703-05:00  OK     forge.game.ability.effects.LifeExchangeVariantEffect.md
2026-06-08T11:51:54.1517562-05:00  OK     forge.game.ability.effects.LifeGainEffect.md
2026-06-08T11:52:08.0572417-05:00  OK     forge.game.ability.effects.LifeLoseEffect.md
2026-06-08T11:52:20.1623876-05:00  OK     forge.game.ability.effects.LifeSetEffect.md
2026-06-08T11:52:32.2162242-05:00  OK     forge.game.ability.effects.LookAtEffect.md
2026-06-08T11:52:44.5949599-05:00  OK     forge.game.ability.effects.LosePerpetualEffect.md
2026-06-08T11:52:57.4356900-05:00  OK     forge.game.ability.effects.MakeCardEffect.md
2026-06-08T11:53:09.7915354-05:00  OK     forge.game.ability.effects.ManaEffect.md
2026-06-08T11:53:21.9078889-05:00  OK     forge.game.ability.effects.ManaReflectedEffect.md
2026-06-08T11:53:34.1549024-05:00  OK     forge.game.ability.effects.ManifestBaseEffect.md
2026-06-08T11:53:46.5413829-05:00  OK     forge.game.ability.effects.ManifestDreadEffect.md
2026-06-08T11:53:57.8602967-05:00  OK     forge.game.ability.effects.MeldEffect.md
2026-06-08T11:54:09.6743300-05:00  OK     forge.game.ability.effects.MillEffect.md
2026-06-08T11:54:21.9406613-05:00  OK     forge.game.ability.effects.MultiplePilesEffect.md
2026-06-08T11:54:33.9857096-05:00  OK     forge.game.ability.effects.MustBlockEffect.md
2026-06-08T11:54:46.9805184-05:00  OK     forge.game.ability.effects.MutateEffect.md
2026-06-08T11:54:59.4816058-05:00  OK     forge.game.ability.effects.OpenAttractionEffect.md
2026-06-08T11:55:09.5176936-05:00  OK     forge.game.ability.effects.OwnershipGainEffect.md
2026-06-08T11:55:23.7779398-05:00  OK     forge.game.ability.effects.PeekAndRevealEffect.md
2026-06-08T11:55:41.1143675-05:00  OK     forge.game.ability.effects.PermanentCreatureEffect.md
2026-06-08T11:55:51.1487182-05:00  OK     forge.game.ability.effects.PermanentNoncreatureEffect.md
2026-06-08T11:56:02.9646561-05:00  OK     forge.game.ability.effects.PhasesEffect.md
2026-06-08T11:56:15.1228686-05:00  OK     forge.game.ability.effects.PlaneswalkEffect.md
2026-06-08T11:56:26.6490185-05:00  OK     forge.game.ability.effects.PlayEffect.md
2026-06-08T11:56:38.6034665-05:00  OK     forge.game.ability.effects.PlayLandVariantEffect.md
2026-06-08T11:56:50.6977275-05:00  OK     forge.game.ability.effects.PoisonEffect.md
2026-06-08T11:57:02.5410018-05:00  OK     forge.game.ability.effects.PowerExchangeEffect.md
2026-06-08T11:57:14.6052358-05:00  OK     forge.game.ability.effects.ProtectAllEffect.md
2026-06-08T11:57:31.7273358-05:00  OK     forge.game.ability.effects.ProtectEffect.md
2026-06-08T11:57:47.6381842-05:00  OK     forge.game.ability.effects.PumpAllEffect.md
2026-06-08T11:58:00.6805674-05:00  OK     forge.game.ability.effects.PumpEffect.md
2026-06-08T11:58:12.6577121-05:00  OK     forge.game.ability.effects.RadiationEffect.md
2026-06-08T11:58:25.9380562-05:00  OK     forge.game.ability.effects.RearrangeTopOfLibraryEffect.md
2026-06-08T11:58:39.8014646-05:00  OK     forge.game.ability.effects.RegenerateEffect.md
2026-06-08T11:58:52.4707654-05:00  OK     forge.game.ability.effects.RegenerationEffect.md
2026-06-08T11:59:28.0779243-05:00  OK     forge.game.ability.effects.RemoveFromCombatEffect.md
2026-06-08T11:59:40.5639455-05:00  OK     forge.game.ability.effects.RemoveFromGameEffect.md
2026-06-08T11:59:51.8168890-05:00  OK     forge.game.ability.effects.ReorderZoneEffect.md
2026-06-08T12:00:04.0956124-05:00  OK     forge.game.ability.effects.RepeatEachEffect.md
2026-06-08T12:00:18.7654115-05:00  OK     forge.game.ability.effects.RepeatEffect.md
2026-06-08T12:00:36.8915455-05:00  OK     forge.game.ability.effects.ReplaceCounterEffect.md
2026-06-08T12:00:51.3367759-05:00  OK     forge.game.ability.effects.ReplaceDamageEffect.md
2026-06-08T12:01:23.4692880-05:00  OK     forge.game.ability.effects.ReplaceEffect.md
2026-06-08T12:01:36.8806318-05:00  OK     forge.game.ability.effects.ReplaceManaEffect.md
2026-06-08T12:01:50.4782622-05:00  OK     forge.game.ability.effects.ReplaceSplitDamageEffect.md
2026-06-08T12:02:04.7840641-05:00  OK     forge.game.ability.effects.ReplaceTokenEffect.md
2026-06-08T12:02:22.2846725-05:00  OK     forge.game.ability.effects.RestartGameEffect.md
2026-06-08T12:02:35.3464692-05:00  OK     forge.game.ability.effects.RevealEffect.md
2026-06-08T12:02:47.4511934-05:00  OK     forge.game.ability.effects.RevealHandEffect.md
2026-06-08T12:02:58.1667518-05:00  OK     forge.game.ability.effects.ReverseTurnOrderEffect.md
2026-06-08T12:03:11.2111237-05:00  OK     forge.game.ability.effects.RingTemptsYouEffect.md
2026-06-08T12:03:25.3471599-05:00  OK     forge.game.ability.effects.RollDiceEffect.md
2026-06-08T12:03:38.6679487-05:00  OK     forge.game.ability.effects.RollPlanarDiceEffect.md
2026-06-08T12:03:53.4971780-05:00  OK     forge.game.ability.effects.RunChaosEffect.md
2026-06-08T12:03:59.5622868-05:00  STOP(limit)  forge.game.ability.effects.SacrificeAllEffect.md
